<?xml version="1.0" encoding="utf-8"?><testsuites name="pytest tests"><testsuite name="pytest" errors="48" failures="57" skipped="83" tests="668" time="19.789" timestamp="2025-08-11T19:47:16.246947-04:00" hostname="Brets-Mac-mini.attlocal.net"><testcase classname="tests.integration.test_end_to_end_workflows.TestEndToEndWorkflows" name="test_code_generation_workflow" time="4.372" /><testcase classname="tests.integration.test_end_to_end_workflows.TestEndToEndWorkflows" name="test_security_scan_workflow" time="0.217" /><testcase classname="tests.integration.test_end_to_end_workflows.TestEndToEndWorkflows" name="test_cross_repository_impact_analysis_workflow" time="0.298" /><testcase classname="tests.integration.test_end_to_end_workflows.TestEndToEndWorkflows" name="test_documentation_generation_workflow" time="0.205" /><testcase classname="tests.integration.test_end_to_end_workflows.TestEndToEndWorkflows" name="test_dependency_management_workflow" time="0.207" /><testcase classname="tests.integration.test_end_to_end_workflows.TestEndToEndWorkflows" name="test_complete_development_lifecycle_workflow" time="0.214"><failure message="AssertionError: Missing agents: {'docs', 'red_team', 'qa_test'}&#10;assert False&#10; +  where False = &lt;built-in method issubset of set object at 0x1472f19a0&gt;({'swarm', 'commander', 'planner', 'code'})&#10; +    where &lt;built-in method issubset of set object at 0x1472f19a0&gt; = {'commander', 'planner', 'red_team', 'qa_test', 'docs', 'code'}.issubset">tests/integration/test_end_to_end_workflows.py:391: in test_complete_development_lifecycle_workflow
    assert expected_agents.issubset(involved_agents), f"Missing agents: {expected_agents - involved_agents}"
E   AssertionError: Missing agents: {'docs', 'red_team', 'qa_test'}
E   assert False
E    +  where False = &lt;built-in method issubset of set object at 0x1472f19a0&gt;({'swarm', 'commander', 'planner', 'code'})
E    +    where &lt;built-in method issubset of set object at 0x1472f19a0&gt; = {'commander', 'planner', 'red_team', 'qa_test', 'docs', 'code'}.issubset</failure></testcase><testcase classname="tests.integration.test_end_to_end_workflows.TestEndToEndWorkflows" name="test_multi_repository_coordination_workflow" time="0.121"><failure message="AttributeError: 'IndexFile' object has no attribute 'add_items'">tests/integration/test_end_to_end_workflows.py:426: in test_multi_repository_coordination_workflow
    repo.index.add_items([f for f in repo_path.glob("*.py")])
    ^^^^^^^^^^^^^^^^^^^^
.venv/lib/python3.11/site-packages/gitdb/util.py:255: in __getattr__
    return object.__getattribute__(self, attr)
           ^^^^^^^^^^^^^^^^^^^^^^^^^^^^^^^^^^^
E   AttributeError: 'IndexFile' object has no attribute 'add_items'</failure></testcase><testcase classname="tests.integration.test_end_to_end_workflows.TestEndToEndWorkflows" name="test_notification_integration_workflow" time="0.210"><failure message="AssertionError: Notifications not triggered for critical issue&#10;assert False&#10; +  where False = &lt;AsyncMock name='NotificationManager().send_notification' id='5490201936'&gt;.called&#10; +    where &lt;AsyncMock name='NotificationManager().send_notification' id='5490201936'&gt; = &lt;AsyncMock name='NotificationManager()' id='5490014928'&gt;.send_notification">tests/integration/test_end_to_end_workflows.py:516: in test_notification_integration_workflow
    assert mock_manager.send_notification.called, "Notifications not triggered for critical issue"
E   AssertionError: Notifications not triggered for critical issue
E   assert False
E    +  where False = &lt;AsyncMock name='NotificationManager().send_notification' id='5490201936'&gt;.called
E    +    where &lt;AsyncMock name='NotificationManager().send_notification' id='5490201936'&gt; = &lt;AsyncMock name='NotificationManager()' id='5490014928'&gt;.send_notification</failure></testcase><testcase classname="tests.integration.test_environment_setup.TestEnvironmentSetup" name="test_python_version_compatibility" time="0.000" /><testcase classname="tests.integration.test_environment_setup.TestEnvironmentSetup" name="test_required_directories_creation" time="0.002" /><testcase classname="tests.integration.test_environment_setup.TestEnvironmentSetup" name="test_environment_variable_loading" time="0.001"><failure message="AttributeError: 'DatabaseConfig' object has no attribute 'get_effective_url'">tests/integration/test_environment_setup.py:53: in test_environment_variable_loading
    assert config.database.get_effective_url() == "sqlite:///test.db"
           ^^^^^^^^^^^^^^^^^^^^^^^^^^^^^^^^^
.venv/lib/python3.11/site-packages/pydantic/main.py:811: in __getattr__
    raise AttributeError(f'{type(self).__name__!r} object has no attribute {item!r}')
E   AttributeError: 'DatabaseConfig' object has no attribute 'get_effective_url'</failure></testcase><testcase classname="tests.integration.test_environment_setup.TestEnvironmentSetup" name="test_configuration_file_loading" time="0.004"><failure message="AssertionError: assert 'ollama' == 'openai'&#10;  &#10;  - openai&#10;  + ollama">tests/integration/test_environment_setup.py:85: in test_configuration_file_loading
    assert config.llm.provider.value == "openai"
E   AssertionError: assert 'ollama' == 'openai'
E     
E     - openai
E     + ollama</failure></testcase><testcase classname="tests.integration.test_environment_setup.TestEnvironmentSetup" name="test_example_configuration_creation" time="0.023" /><testcase classname="tests.integration.test_environment_setup.TestEnvironmentSetup" name="test_configuration_validation" time="0.001" /><testcase classname="tests.integration.test_environment_setup.TestEnvironmentSetup" name="test_agent_configuration_completeness" time="0.001" /><testcase classname="tests.integration.test_environment_setup.TestEnvironmentSetup" name="test_database_configuration" time="0.001"><failure message="AttributeError: 'DatabaseConfig' object has no attribute 'get_effective_url'">tests/integration/test_environment_setup.py:139: in test_database_configuration
    assert config.database.get_effective_url() == "postgresql://test"
           ^^^^^^^^^^^^^^^^^^^^^^^^^^^^^^^^^
.venv/lib/python3.11/site-packages/pydantic/main.py:811: in __getattr__
    raise AttributeError(f'{type(self).__name__!r} object has no attribute {item!r}')
E   AttributeError: 'DatabaseConfig' object has no attribute 'get_effective_url'</failure></testcase><testcase classname="tests.integration.test_environment_setup.TestEnvironmentSetup" name="test_vector_database_configuration" time="0.000" /><testcase classname="tests.integration.test_environment_setup.TestDependencyLoading" name="test_core_dependencies" time="0.000" /><testcase classname="tests.integration.test_environment_setup.TestDependencyLoading" name="test_optional_dependencies" time="0.001"><skipped type="pytest.skip" message="Optional dependency openai not available (OpenAI LLM integration)">/Users/bretbouchard/apps/dev_guard/tests/integration/test_environment_setup.py:189: Optional dependency openai not available (OpenAI LLM integration)</skipped></testcase><testcase classname="tests.integration.test_environment_setup.TestDependencyLoading" name="test_development_dependencies" time="0.000" /><testcase classname="tests.integration.test_environment_setup.TestDependencyLoading" name="test_version_compatibility" time="0.000" /><testcase classname="tests.integration.test_environment_setup.TestConfigurationIntegration" name="test_config_with_environment_file" time="0.001"><failure message="AttributeError: 'DatabaseConfig' object has no attribute 'get_effective_url'">tests/integration/test_environment_setup.py:267: in test_config_with_environment_file
    assert config.database.get_effective_url() == "sqlite:///env_test.db"
           ^^^^^^^^^^^^^^^^^^^^^^^^^^^^^^^^^
.venv/lib/python3.11/site-packages/pydantic/main.py:811: in __getattr__
    raise AttributeError(f'{type(self).__name__!r} object has no attribute {item!r}')
E   AttributeError: 'DatabaseConfig' object has no attribute 'get_effective_url'</failure></testcase><testcase classname="tests.integration.test_environment_setup.TestConfigurationIntegration" name="test_config_repository_management" time="0.002" /><testcase classname="tests.integration.test_environment_setup.TestConfigurationIntegration" name="test_config_agent_management" time="0.001" /><testcase classname="tests.integration.test_environment_setup.TestConfigurationIntegration" name="test_config_persistence" time="0.023" /><testcase classname="tests.integration.test_environment_setup.TestSetupScriptIntegration" name="test_setup_script_execution" time="0.016" /><testcase classname="tests.integration.test_environment_setup.TestSetupScriptIntegration" name="test_validation_script_execution" time="0.159" /><testcase classname="tests.integration.test_environment_setup.TestSetupScriptIntegration" name="test_makefile_targets" time="0.001" /><testcase classname="tests.integration.test_otel_tracer" name="test_otel_tracer_span_smoke" time="0.008" /><testcase classname="tests.integration.test_performance_integration.TestSystemPerformance" name="test_request_processing_throughput" time="0.200" /><testcase classname="tests.integration.test_performance_integration.TestSystemPerformance" name="test_concurrent_request_handling" time="0.104" /><testcase classname="tests.integration.test_performance_integration.TestSystemPerformance" name="test_memory_usage_scalability" time="0.073"><failure message="AssertionError: Memory growth too high: 40 entries&#10;assert 40 &lt;= 30">tests/integration/test_performance_integration.py:231: in test_memory_usage_scalability
    assert memory_growth &lt;= expected_max_growth, (
E   AssertionError: Memory growth too high: 40 entries
E   assert 40 &lt;= 30</failure></testcase><testcase classname="tests.integration.test_performance_integration.TestSystemPerformance" name="test_agent_coordination_performance" time="0.073" /><testcase classname="tests.integration.test_performance_integration.TestSystemPerformance" name="test_database_operation_performance" time="0.017"><failure message="ModuleNotFoundError: No module named 'dev_guard.memory.models'">tests/integration/test_performance_integration.py:333: in test_database_operation_performance
    from dev_guard.memory.models import MemoryEntry
E   ModuleNotFoundError: No module named 'dev_guard.memory.models'</failure></testcase><testcase classname="tests.integration.test_performance_integration.TestSystemPerformance" name="test_error_recovery_performance_impact" time="0.136"><failure message="AssertionError: No retries detected, error injection may have failed&#10;assert 0 &gt; 0">tests/integration/test_performance_integration.py:456: in test_error_recovery_performance_impact
    assert total_retries &gt; 0, "No retries detected, error injection may have failed"
E   AssertionError: No retries detected, error injection may have failed
E   assert 0 &gt; 0</failure></testcase><testcase classname="tests.integration.test_swarm_coordination.TestSwarmCoordination" name="test_swarm_initialization" time="0.004"><error message="failed on setup with &quot;AttributeError: module 'dev_guard.agents' has no attribute 'qa_test'&quot;">tests/integration/test_swarm_coordination.py:92: in swarm
    with patch('dev_guard.agents.commander.CommanderAgent', MagicMock()), \
../../.pyenv/versions/3.11.11/lib/python3.11/unittest/mock.py:1430: in __enter__
    self.target = self.getter()
                  ^^^^^^^^^^^^^
../../.pyenv/versions/3.11.11/lib/python3.11/pkgutil.py:715: in resolve_name
    result = getattr(result, p)
             ^^^^^^^^^^^^^^^^^^
E   AttributeError: module 'dev_guard.agents' has no attribute 'qa_test'</error></testcase><testcase classname="tests.integration.test_swarm_coordination.TestSwarmCoordination" name="test_agent_routing_from_commander" time="0.004"><error message="failed on setup with &quot;AttributeError: module 'dev_guard.agents' has no attribute 'qa_test'&quot;">tests/integration/test_swarm_coordination.py:92: in swarm
    with patch('dev_guard.agents.commander.CommanderAgent', MagicMock()), \
../../.pyenv/versions/3.11.11/lib/python3.11/unittest/mock.py:1430: in __enter__
    self.target = self.getter()
                  ^^^^^^^^^^^^^
../../.pyenv/versions/3.11.11/lib/python3.11/pkgutil.py:715: in resolve_name
    result = getattr(result, p)
             ^^^^^^^^^^^^^^^^^^
E   AttributeError: module 'dev_guard.agents' has no attribute 'qa_test'</error></testcase><testcase classname="tests.integration.test_swarm_coordination.TestSwarmCoordination" name="test_agent_routing_from_planner" time="0.004"><error message="failed on setup with &quot;AttributeError: module 'dev_guard.agents' has no attribute 'qa_test'&quot;">tests/integration/test_swarm_coordination.py:92: in swarm
    with patch('dev_guard.agents.commander.CommanderAgent', MagicMock()), \
../../.pyenv/versions/3.11.11/lib/python3.11/unittest/mock.py:1430: in __enter__
    self.target = self.getter()
                  ^^^^^^^^^^^^^
../../.pyenv/versions/3.11.11/lib/python3.11/pkgutil.py:715: in resolve_name
    result = getattr(result, p)
             ^^^^^^^^^^^^^^^^^^
E   AttributeError: module 'dev_guard.agents' has no attribute 'qa_test'</error></testcase><testcase classname="tests.integration.test_swarm_coordination.TestSwarmCoordination" name="test_task_priority_handling" time="0.004"><error message="failed on setup with &quot;AttributeError: module 'dev_guard.agents' has no attribute 'qa_test'&quot;">tests/integration/test_swarm_coordination.py:92: in swarm
    with patch('dev_guard.agents.commander.CommanderAgent', MagicMock()), \
../../.pyenv/versions/3.11.11/lib/python3.11/unittest/mock.py:1430: in __enter__
    self.target = self.getter()
                  ^^^^^^^^^^^^^
../../.pyenv/versions/3.11.11/lib/python3.11/pkgutil.py:715: in resolve_name
    result = getattr(result, p)
             ^^^^^^^^^^^^^^^^^^
E   AttributeError: module 'dev_guard.agents' has no attribute 'qa_test'</error></testcase><testcase classname="tests.integration.test_swarm_coordination.TestSwarmCoordination" name="test_agent_availability_checking" time="0.004"><error message="failed on setup with &quot;AttributeError: module 'dev_guard.agents' has no attribute 'qa_test'&quot;">tests/integration/test_swarm_coordination.py:92: in swarm
    with patch('dev_guard.agents.commander.CommanderAgent', MagicMock()), \
../../.pyenv/versions/3.11.11/lib/python3.11/unittest/mock.py:1430: in __enter__
    self.target = self.getter()
                  ^^^^^^^^^^^^^
../../.pyenv/versions/3.11.11/lib/python3.11/pkgutil.py:715: in resolve_name
    result = getattr(result, p)
             ^^^^^^^^^^^^^^^^^^
E   AttributeError: module 'dev_guard.agents' has no attribute 'qa_test'</error></testcase><testcase classname="tests.integration.test_swarm_coordination.TestSwarmCoordination" name="test_fallback_agent_selection" time="0.004"><error message="failed on setup with &quot;AttributeError: module 'dev_guard.agents' has no attribute 'qa_test'&quot;">tests/integration/test_swarm_coordination.py:92: in swarm
    with patch('dev_guard.agents.commander.CommanderAgent', MagicMock()), \
../../.pyenv/versions/3.11.11/lib/python3.11/unittest/mock.py:1430: in __enter__
    self.target = self.getter()
                  ^^^^^^^^^^^^^
../../.pyenv/versions/3.11.11/lib/python3.11/pkgutil.py:715: in resolve_name
    result = getattr(result, p)
             ^^^^^^^^^^^^^^^^^^
E   AttributeError: module 'dev_guard.agents' has no attribute 'qa_test'</error></testcase><testcase classname="tests.integration.test_swarm_coordination.TestSwarmCoordination" name="test_task_analysis_and_agent_assignment" time="0.004"><error message="failed on setup with &quot;AttributeError: module 'dev_guard.agents' has no attribute 'qa_test'&quot;">tests/integration/test_swarm_coordination.py:92: in swarm
    with patch('dev_guard.agents.commander.CommanderAgent', MagicMock()), \
../../.pyenv/versions/3.11.11/lib/python3.11/unittest/mock.py:1430: in __enter__
    self.target = self.getter()
                  ^^^^^^^^^^^^^
../../.pyenv/versions/3.11.11/lib/python3.11/pkgutil.py:715: in resolve_name
    result = getattr(result, p)
             ^^^^^^^^^^^^^^^^^^
E   AttributeError: module 'dev_guard.agents' has no attribute 'qa_test'</error></testcase><testcase classname="tests.integration.test_swarm_coordination.TestSwarmCoordination" name="test_error_recovery_and_logging" time="0.004"><error message="failed on setup with &quot;AttributeError: module 'dev_guard.agents' has no attribute 'qa_test'&quot;">tests/integration/test_swarm_coordination.py:92: in swarm
    with patch('dev_guard.agents.commander.CommanderAgent', MagicMock()), \
../../.pyenv/versions/3.11.11/lib/python3.11/unittest/mock.py:1430: in __enter__
    self.target = self.getter()
                  ^^^^^^^^^^^^^
../../.pyenv/versions/3.11.11/lib/python3.11/pkgutil.py:715: in resolve_name
    result = getattr(result, p)
             ^^^^^^^^^^^^^^^^^^
E   AttributeError: module 'dev_guard.agents' has no attribute 'qa_test'</error></testcase><testcase classname="tests.integration.test_swarm_coordination.TestSwarmCoordination" name="test_swarm_lifecycle" time="0.004"><error message="failed on setup with &quot;AttributeError: module 'dev_guard.agents' has no attribute 'qa_test'&quot;">tests/integration/test_swarm_coordination.py:92: in swarm
    with patch('dev_guard.agents.commander.CommanderAgent', MagicMock()), \
../../.pyenv/versions/3.11.11/lib/python3.11/unittest/mock.py:1430: in __enter__
    self.target = self.getter()
                  ^^^^^^^^^^^^^
../../.pyenv/versions/3.11.11/lib/python3.11/pkgutil.py:715: in resolve_name
    result = getattr(result, p)
             ^^^^^^^^^^^^^^^^^^
E   AttributeError: module 'dev_guard.agents' has no attribute 'qa_test'</error></testcase><testcase classname="tests.integration.test_swarm_coordination.TestSwarmCoordination" name="test_task_creation_and_tracking" time="0.004"><error message="failed on setup with &quot;AttributeError: module 'dev_guard.agents' has no attribute 'qa_test'&quot;">tests/integration/test_swarm_coordination.py:92: in swarm
    with patch('dev_guard.agents.commander.CommanderAgent', MagicMock()), \
../../.pyenv/versions/3.11.11/lib/python3.11/unittest/mock.py:1430: in __enter__
    self.target = self.getter()
                  ^^^^^^^^^^^^^
../../.pyenv/versions/3.11.11/lib/python3.11/pkgutil.py:715: in resolve_name
    result = getattr(result, p)
             ^^^^^^^^^^^^^^^^^^
E   AttributeError: module 'dev_guard.agents' has no attribute 'qa_test'</error></testcase><testcase classname="tests.integration.test_swarm_coordination.TestSwarmCoordination" name="test_repository_scanning_integration" time="0.004"><error message="failed on setup with &quot;AttributeError: module 'dev_guard.agents' has no attribute 'qa_test'&quot;">tests/integration/test_swarm_coordination.py:92: in swarm
    with patch('dev_guard.agents.commander.CommanderAgent', MagicMock()), \
../../.pyenv/versions/3.11.11/lib/python3.11/unittest/mock.py:1430: in __enter__
    self.target = self.getter()
                  ^^^^^^^^^^^^^
../../.pyenv/versions/3.11.11/lib/python3.11/pkgutil.py:715: in resolve_name
    result = getattr(result, p)
             ^^^^^^^^^^^^^^^^^^
E   AttributeError: module 'dev_guard.agents' has no attribute 'qa_test'</error></testcase><testcase classname="tests.integration.test_swarm_coordination.TestSwarmCoordination" name="test_swarm_status_reporting" time="0.004"><error message="failed on setup with &quot;AttributeError: module 'dev_guard.agents' has no attribute 'qa_test'&quot;">tests/integration/test_swarm_coordination.py:92: in swarm
    with patch('dev_guard.agents.commander.CommanderAgent', MagicMock()), \
../../.pyenv/versions/3.11.11/lib/python3.11/unittest/mock.py:1430: in __enter__
    self.target = self.getter()
                  ^^^^^^^^^^^^^
../../.pyenv/versions/3.11.11/lib/python3.11/pkgutil.py:715: in resolve_name
    result = getattr(result, p)
             ^^^^^^^^^^^^^^^^^^
E   AttributeError: module 'dev_guard.agents' has no attribute 'qa_test'</error></testcase><testcase classname="tests.integration.test_swarm_coordination.TestSwarmCoordination" name="test_concurrent_agent_coordination" time="0.004"><error message="failed on setup with &quot;AttributeError: module 'dev_guard.agents' has no attribute 'qa_test'&quot;">tests/integration/test_swarm_coordination.py:92: in swarm
    with patch('dev_guard.agents.commander.CommanderAgent', MagicMock()), \
../../.pyenv/versions/3.11.11/lib/python3.11/unittest/mock.py:1430: in __enter__
    self.target = self.getter()
                  ^^^^^^^^^^^^^
../../.pyenv/versions/3.11.11/lib/python3.11/pkgutil.py:715: in resolve_name
    result = getattr(result, p)
             ^^^^^^^^^^^^^^^^^^
E   AttributeError: module 'dev_guard.agents' has no attribute 'qa_test'</error></testcase><testcase classname="tests.integration.test_system_resilience.TestSystemResilience" name="test_llm_provider_failure_recovery" time="0.046"><failure message="AssertionError: Expected 3 attempts, got 0&#10;assert 0 == 3">tests/integration/test_system_resilience.py:97: in test_llm_provider_failure_recovery
    assert failure_count == 3, (
E   AssertionError: Expected 3 attempts, got 0
E   assert 0 == 3</failure></testcase><testcase classname="tests.integration.test_system_resilience.TestSystemResilience" name="test_database_connection_failure_recovery" time="0.048"><failure message="AssertionError: Expected 3 database attempts, got 0&#10;assert 0 == 3">tests/integration/test_system_resilience.py:150: in test_database_connection_failure_recovery
    assert call_count == 3, f"Expected 3 database attempts, got {call_count}"
E   AssertionError: Expected 3 database attempts, got 0
E   assert 0 == 3</failure></testcase><testcase classname="tests.integration.test_system_resilience.TestSystemResilience" name="test_agent_failure_and_fallback" time="0.046"><failure message="AssertionError: Agent fallback not logged&#10;assert 0 &gt; 0&#10; +  where 0 = len([])">tests/integration/test_system_resilience.py:189: in test_agent_failure_and_fallback
    assert len(fallback_entries) &gt; 0, "Agent fallback not logged"
E   AssertionError: Agent fallback not logged
E   assert 0 &gt; 0
E    +  where 0 = len([])</failure></testcase><testcase classname="tests.integration.test_system_resilience.TestSystemResilience" name="test_concurrent_load_stability" time="0.074" /><testcase classname="tests.integration.test_system_resilience.TestSystemResilience" name="test_memory_pressure_handling" time="0.472" /><testcase classname="tests.integration.test_system_resilience.TestSystemResilience" name="test_network_timeout_recovery" time="0.286"><failure message="AssertionError: Expected 3 timeout attempts, got 0&#10;assert 0 == 3">tests/integration/test_system_resilience.py:327: in test_network_timeout_recovery
    assert timeout_count == 3, f"Expected 3 timeout attempts, got {timeout_count}"
E   AssertionError: Expected 3 timeout attempts, got 0
E   assert 0 == 3</failure></testcase><testcase classname="tests.integration.test_system_resilience.TestSystemResilience" name="test_data_consistency_during_failures" time="0.078"><failure message="TypeError: SharedMemory.search_entries() got an unexpected keyword argument 'content_filter'">tests/integration/test_system_resilience.py:373: in test_data_consistency_during_failures
    transaction_entries = env["shared_memory"].search_entries(
E   TypeError: SharedMemory.search_entries() got an unexpected keyword argument 'content_filter'</failure></testcase><testcase classname="tests.integration.test_system_resilience.TestSystemResilience" name="test_graceful_shutdown_and_restart" time="0.077"><failure message="AttributeError: 'DevGuardSwarm' object has no attribute 'shutdown'">tests/integration/test_system_resilience.py:419: in test_graceful_shutdown_and_restart
    await swarm.shutdown(graceful=True)
          ^^^^^^^^^^^^^^
E   AttributeError: 'DevGuardSwarm' object has no attribute 'shutdown'</failure></testcase><testcase classname="tests.integration.test_system_resilience.TestSystemResilience" name="test_partial_system_failure_resilience" time="0.169"><failure message="AssertionError: Vector DB fallback not logged&#10;assert 0 &gt; 0&#10; +  where 0 = len([])">tests/integration/test_system_resilience.py:485: in test_partial_system_failure_resilience
    assert len(fallback_entries) &gt; 0, "Vector DB fallback not logged"
E   AssertionError: Vector DB fallback not logged
E   assert 0 &gt; 0
E    +  where 0 = len([])</failure></testcase><testcase classname="tests.integration.test_vector_db_integration.TestFileProcessor" name="test_extract_file_metadata" time="0.004" /><testcase classname="tests.integration.test_vector_db_integration.TestFileProcessor" name="test_extract_project_metadata" time="0.004" /><testcase classname="tests.integration.test_vector_db_integration.TestFileProcessor" name="test_should_process_file" time="0.006"><failure message="AssertionError: assert not True&#10; +  where True = should_process_file(((PosixPath('/var/folders/vt/1rf2jg2x4fs5b7vl_7k0vmw00000gn/T/tmpe4a4gy7m') / 'lib') / 'helpers.py'), ['*.md', 'lib/*'])&#10; +    where should_process_file = &lt;src.dev_guard.memory.vector_db.FileProcessor object at 0x1473f7290&gt;.should_process_file">tests/integration/test_vector_db_integration.py:203: in test_should_process_file
    assert not processor.should_process_file(temp_workspace / "lib" / "helpers.py", ignore_patterns)
E   AssertionError: assert not True
E    +  where True = should_process_file(((PosixPath('/var/folders/vt/1rf2jg2x4fs5b7vl_7k0vmw00000gn/T/tmpe4a4gy7m') / 'lib') / 'helpers.py'), ['*.md', 'lib/*'])
E    +    where should_process_file = &lt;src.dev_guard.memory.vector_db.FileProcessor object at 0x1473f7290&gt;.should_process_file</failure></testcase><testcase classname="tests.integration.test_vector_db_integration.TestFileProcessor" name="test_read_file_content" time="0.004" /><testcase classname="tests.integration.test_vector_db_integration.TestFileProcessor" name="test_get_file_hash" time="0.004" /><testcase classname="tests.integration.test_vector_db_integration.TestVectorDatabaseIntegration" name="test_ingest_single_file" time="0.097" /><testcase classname="tests.integration.test_vector_db_integration.TestVectorDatabaseIntegration" name="test_ingest_directory" time="0.207" /><testcase classname="tests.integration.test_vector_db_integration.TestVectorDatabaseIntegration" name="test_search_code_functionality" time="0.200"><failure message="src.dev_guard.memory.vector_db.VectorDatabaseError: Failed to search files: 'SearchResult' object is not subscriptable">src/dev_guard/memory/vector_db.py:1451: in search_files
    metadata = result['metadata']
               ^^^^^^^^^^^^^^^^^^
E   TypeError: 'SearchResult' object is not subscriptable

During handling of the above exception, another exception occurred:
tests/integration/test_vector_db_integration.py:290: in test_search_code_functionality
    python_results = temp_vector_db.search_files(
src/dev_guard/memory/vector_db.py:1471: in search_files
    raise VectorDatabaseError(f"Failed to search files: {e}")
E   src.dev_guard.memory.vector_db.VectorDatabaseError: Failed to search files: 'SearchResult' object is not subscriptable</failure></testcase><testcase classname="tests.integration.test_vector_db_integration.TestVectorDatabaseIntegration" name="test_search_by_file_type" time="0.144"><failure message="src.dev_guard.memory.vector_db.VectorDatabaseError: Failed to search files: 'SearchResult' object is not subscriptable">src/dev_guard/memory/vector_db.py:1451: in search_files
    metadata = result['metadata']
               ^^^^^^^^^^^^^^^^^^
E   TypeError: 'SearchResult' object is not subscriptable

During handling of the above exception, another exception occurred:
tests/integration/test_vector_db_integration.py:320: in test_search_by_file_type
    code_results = temp_vector_db.search_files(
src/dev_guard/memory/vector_db.py:1471: in search_files
    raise VectorDatabaseError(f"Failed to search files: {e}")
E   src.dev_guard.memory.vector_db.VectorDatabaseError: Failed to search files: 'SearchResult' object is not subscriptable</failure></testcase><testcase classname="tests.integration.test_vector_db_integration.TestVectorDatabaseIntegration" name="test_incremental_updates" time="0.071" /><testcase classname="tests.integration.test_vector_db_integration.TestVectorDatabaseIntegration" name="test_find_similar_files" time="0.143"><failure message="src.dev_guard.memory.vector_db.VectorDatabaseError: Failed to find similar files: 'SearchResult' object is not subscriptable">src/dev_guard/memory/vector_db.py:1571: in find_similar_files
    result_file_path = result['metadata'].get('file_path')
                       ^^^^^^^^^^^^^^^^^^
E   TypeError: 'SearchResult' object is not subscriptable

During handling of the above exception, another exception occurred:
tests/integration/test_vector_db_integration.py:376: in test_find_similar_files
    similar_files = temp_vector_db.find_similar_files(python_file)
                    ^^^^^^^^^^^^^^^^^^^^^^^^^^^^^^^^^^^^^^^^^^^^^^
src/dev_guard/memory/vector_db.py:1596: in find_similar_files
    raise VectorDatabaseError(f"Failed to find similar files: {e}")
E   src.dev_guard.memory.vector_db.VectorDatabaseError: Failed to find similar files: 'SearchResult' object is not subscriptable</failure></testcase><testcase classname="tests.integration.test_vector_db_integration.TestVectorDatabaseIntegration" name="test_get_files_by_project" time="0.131" /><testcase classname="tests.integration.test_vector_db_integration.TestVectorDatabaseIntegration" name="test_collection_stats_with_real_data" time="0.124" /><testcase classname="tests.test_cli.TestCLICommands" name="test_cli_app_creation" time="0.000" /><testcase classname="tests.test_cli.TestCLICommands" name="test_start_command_help" time="0.005" /><testcase classname="tests.test_cli.TestCLICommands" name="test_stop_command_help" time="0.003" /><testcase classname="tests.test_cli.TestCLICommands" name="test_status_command_help" time="0.003" /><testcase classname="tests.test_cli.TestCLICommands" name="test_config_command_help" time="0.003" /><testcase classname="tests.test_cli.TestCLICommands" name="test_agents_command_help" time="0.003" /><testcase classname="tests.test_cli.TestCLICommands" name="test_models_command_help" time="0.003" /><testcase classname="tests.test_cli.TestCLICommands" name="test_interactive_command_help" time="0.003" /><testcase classname="tests.test_cli.TestCLICommands" name="test_version_command_help" time="0.003" /><testcase classname="tests.test_cli.TestCLICommands" name="test_start_command_with_config" time="0.008" /><testcase classname="tests.test_cli.TestCLICommands" name="test_config_show_command" time="0.006" /><testcase classname="tests.test_cli.TestCLICommands" name="test_agents_list_command" time="0.007" /><testcase classname="tests.test_cli.TestCLIInteractiveMode" name="test_interactive_mode_startup" time="0.004" /><testcase classname="tests.test_cli.TestCLIInteractiveMode" name="test_interactive_commands_structure" time="0.001" /><testcase classname="tests.test_cli.TestCLIModelManagement" name="test_models_command_ollama_provider" time="0.006" /><testcase classname="tests.test_cli.TestCLIModelManagement" name="test_models_command_openrouter_provider" time="0.004" /><testcase classname="tests.test_cli.TestCLIModelManagement" name="test_models_pull_command" time="0.004" /><testcase classname="tests.test_cli.TestCLINotificationCommands" name="test_notification_status_command_help" time="0.003" /><testcase classname="tests.test_cli.TestCLINotificationCommands" name="test_notification_status_command" time="0.006" /><testcase classname="tests.test_cli.TestCLIMCPServerCommands" name="test_mcp_server_command_help" time="0.003" /><testcase classname="tests.test_cli.TestCLIMCPServerCommands" name="test_mcp_server_command_start" time="0.001"><failure message="AttributeError: module 'src.dev_guard' has no attribute 'mcp'">tests/test_cli.py:305: in test_mcp_server_command_start
    with patch('src.dev_guard.mcp.MCPServer') as mock_mcp_server:
../../.pyenv/versions/3.11.11/lib/python3.11/unittest/mock.py:1430: in __enter__
    self.target = self.getter()
                  ^^^^^^^^^^^^^
../../.pyenv/versions/3.11.11/lib/python3.11/pkgutil.py:715: in resolve_name
    result = getattr(result, p)
             ^^^^^^^^^^^^^^^^^^
E   AttributeError: module 'src.dev_guard' has no attribute 'mcp'</failure></testcase><testcase classname="tests.test_cli.TestCLIMocks" name="test_mock_cli_runner" time="0.001" /><testcase classname="tests.test_cli.TestCLIMocks" name="test_mock_swarm_operations" time="0.001" /><testcase classname="tests.test_cli.TestCLIMocks" name="test_mock_config_operations" time="0.001" /><testcase classname="tests.test_cli.TestCLIUtilities" name="test_status_color_mapping" time="0.000" /><testcase classname="tests.test_cli.TestCLIUtilities" name="test_table_formatting" time="0.000" /><testcase classname="tests.test_cli.TestCLIUtilities" name="test_command_validation" time="0.000" /><testcase classname="tests.test_llm_providers.TestOpenRouterClient" name="test_openrouter_client_creation" time="0.000"><skipped type="pytest.skip" message="LLM modules not available">/Users/bretbouchard/apps/dev_guard/tests/test_llm_providers.py:23: LLM modules not available</skipped></testcase><testcase classname="tests.test_llm_providers.TestOpenRouterClient" name="test_openrouter_chat_completion_success" time="0.000"><skipped type="pytest.skip" message="LLM modules not available">/Users/bretbouchard/apps/dev_guard/tests/test_llm_providers.py:35: LLM modules not available</skipped></testcase><testcase classname="tests.test_llm_providers.TestOpenRouterClient" name="test_openrouter_chat_completion_failure" time="0.000"><skipped type="pytest.skip" message="LLM modules not available">/Users/bretbouchard/apps/dev_guard/tests/test_llm_providers.py:70: LLM modules not available</skipped></testcase><testcase classname="tests.test_llm_providers.TestOpenRouterClient" name="test_openrouter_with_fallback" time="0.000"><skipped type="pytest.skip" message="LLM modules not available">/Users/bretbouchard/apps/dev_guard/tests/test_llm_providers.py:86: LLM modules not available</skipped></testcase><testcase classname="tests.test_llm_providers.TestOpenRouterClient" name="test_openrouter_model_listing" time="0.000"><skipped type="pytest.skip" message="LLM modules not available">/Users/bretbouchard/apps/dev_guard/tests/test_llm_providers.py:120: LLM modules not available</skipped></testcase><testcase classname="tests.test_llm_providers.TestOllamaClient" name="test_ollama_client_creation" time="0.000"><skipped type="pytest.skip" message="LLM modules not available">/Users/bretbouchard/apps/dev_guard/tests/test_llm_providers.py:137: LLM modules not available</skipped></testcase><testcase classname="tests.test_llm_providers.TestOllamaClient" name="test_ollama_chat_completion_success" time="0.000"><skipped type="pytest.skip" message="LLM modules not available">/Users/bretbouchard/apps/dev_guard/tests/test_llm_providers.py:147: LLM modules not available</skipped></testcase><testcase classname="tests.test_llm_providers.TestOllamaClient" name="test_ollama_model_availability_check" time="0.000"><skipped type="pytest.skip" message="LLM modules not available">/Users/bretbouchard/apps/dev_guard/tests/test_llm_providers.py:179: LLM modules not available</skipped></testcase><testcase classname="tests.test_llm_providers.TestOllamaClient" name="test_ollama_model_pull" time="0.000"><skipped type="pytest.skip" message="LLM modules not available">/Users/bretbouchard/apps/dev_guard/tests/test_llm_providers.py:205: LLM modules not available</skipped></testcase><testcase classname="tests.test_llm_providers.TestOllamaClient" name="test_ollama_connection_error" time="0.000"><skipped type="pytest.skip" message="LLM modules not available">/Users/bretbouchard/apps/dev_guard/tests/test_llm_providers.py:220: LLM modules not available</skipped></testcase><testcase classname="tests.test_llm_providers.TestLLMProviderMocks" name="test_mock_llm_provider_interface" time="0.002" /><testcase classname="tests.test_llm_providers.TestLLMProviderMocks" name="test_mock_model_management" time="0.002" /><testcase classname="tests.test_llm_providers.TestLLMProviderIntegration" name="test_provider_configuration" time="0.000" /><testcase classname="tests.test_llm_providers.TestLLMProviderIntegration" name="test_provider_switching" time="0.002" /><testcase classname="tests.test_llm_providers.TestLLMProviderIntegration" name="test_error_handling_patterns" time="0.000" /><testcase classname="tests.test_mcp_components.TestMCPModels" name="test_mcp_error_creation" time="0.000"><skipped type="pytest.skip" message="MCP modules not available">/Users/bretbouchard/apps/dev_guard/tests/test_mcp_components.py:47: MCP modules not available</skipped></testcase><testcase classname="tests.test_mcp_components.TestMCPModels" name="test_mcp_error_factory_methods" time="0.000"><skipped type="pytest.skip" message="MCP modules not available">/Users/bretbouchard/apps/dev_guard/tests/test_mcp_components.py:63: MCP modules not available</skipped></testcase><testcase classname="tests.test_mcp_components.TestMCPModels" name="test_mcp_request_model" time="0.000"><skipped type="pytest.skip" message="MCP modules not available">/Users/bretbouchard/apps/dev_guard/tests/test_mcp_components.py:90: MCP modules not available</skipped></testcase><testcase classname="tests.test_mcp_components.TestMCPModels" name="test_mcp_response_model" time="0.000"><skipped type="pytest.skip" message="MCP modules not available">/Users/bretbouchard/apps/dev_guard/tests/test_mcp_components.py:117: MCP modules not available</skipped></testcase><testcase classname="tests.test_mcp_components.TestMCPModels" name="test_mcp_tool_parameter_model" time="0.000"><skipped type="pytest.skip" message="MCP modules not available">/Users/bretbouchard/apps/dev_guard/tests/test_mcp_components.py:150: MCP modules not available</skipped></testcase><testcase classname="tests.test_mcp_components.TestMCPModels" name="test_mcp_tool_model" time="0.000"><skipped type="pytest.skip" message="MCP modules not available">/Users/bretbouchard/apps/dev_guard/tests/test_mcp_components.py:166: MCP modules not available</skipped></testcase><testcase classname="tests.test_mcp_components.TestMCPModels" name="test_mcp_resource_model" time="0.000"><skipped type="pytest.skip" message="MCP modules not available">/Users/bretbouchard/apps/dev_guard/tests/test_mcp_components.py:206: MCP modules not available</skipped></testcase><testcase classname="tests.test_mcp_components.TestMCPModels" name="test_mcp_prompt_model" time="0.000"><skipped type="pytest.skip" message="MCP modules not available">/Users/bretbouchard/apps/dev_guard/tests/test_mcp_components.py:227: MCP modules not available</skipped></testcase><testcase classname="tests.test_mcp_components.TestMCPModels" name="test_mcp_capabilities_model" time="0.000"><skipped type="pytest.skip" message="MCP modules not available">/Users/bretbouchard/apps/dev_guard/tests/test_mcp_components.py:252: MCP modules not available</skipped></testcase><testcase classname="tests.test_mcp_components.TestMCPModels" name="test_mcp_initialize_models" time="0.000"><skipped type="pytest.skip" message="MCP modules not available">/Users/bretbouchard/apps/dev_guard/tests/test_mcp_components.py:273: MCP modules not available</skipped></testcase><testcase classname="tests.test_mcp_components.TestMCPServer" name="test_mcp_server_initialization" time="0.000"><skipped type="pytest.skip" message="MCP modules not available">/Users/bretbouchard/apps/dev_guard/tests/test_mcp_components.py:318: MCP modules not available</skipped></testcase><testcase classname="tests.test_mcp_components.TestMCPServer" name="test_mcp_server_tool_initialization" time="0.000"><skipped type="pytest.skip" message="MCP modules not available">/Users/bretbouchard/apps/dev_guard/tests/test_mcp_components.py:341: MCP modules not available</skipped></testcase><testcase classname="tests.test_mcp_components.TestMCPServer" name="test_server_capabilities" time="0.000"><skipped type="pytest.skip" message="MCP modules not available">/Users/bretbouchard/apps/dev_guard/tests/test_mcp_components.py:359: MCP modules not available</skipped></testcase><testcase classname="tests.test_mcp_components.TestMCPServer" name="test_add_custom_tool" time="0.000"><skipped type="pytest.skip" message="MCP modules not available">/Users/bretbouchard/apps/dev_guard/tests/test_mcp_components.py:370: MCP modules not available</skipped></testcase><testcase classname="tests.test_mcp_components.TestMCPServer" name="test_remove_tool" time="0.000"><skipped type="pytest.skip" message="MCP modules not available">/Users/bretbouchard/apps/dev_guard/tests/test_mcp_components.py:387: MCP modules not available</skipped></testcase><testcase classname="tests.test_mcp_components.TestMCPServer" name="test_get_tool_info" time="0.000"><skipped type="pytest.skip" message="MCP modules not available">/Users/bretbouchard/apps/dev_guard/tests/test_mcp_components.py:399: MCP modules not available</skipped></testcase><testcase classname="tests.test_mcp_components.TestMCPServer" name="test_handle_initialize_request" time="0.000"><skipped type="pytest.skip" message="MCP modules not available">/Users/bretbouchard/apps/dev_guard/tests/test_mcp_components.py:414: MCP modules not available</skipped></testcase><testcase classname="tests.test_mcp_components.TestMCPServer" name="test_handle_tools_list_request" time="0.000"><skipped type="pytest.skip" message="MCP modules not available">/Users/bretbouchard/apps/dev_guard/tests/test_mcp_components.py:440: MCP modules not available</skipped></testcase><testcase classname="tests.test_mcp_components.TestMCPServer" name="test_handle_tool_call_request" time="0.000"><skipped type="pytest.skip" message="MCP modules not available">/Users/bretbouchard/apps/dev_guard/tests/test_mcp_components.py:460: MCP modules not available</skipped></testcase><testcase classname="tests.test_mcp_components.TestMCPServer" name="test_handle_unknown_method" time="0.000"><skipped type="pytest.skip" message="MCP modules not available">/Users/bretbouchard/apps/dev_guard/tests/test_mcp_components.py:490: MCP modules not available</skipped></testcase><testcase classname="tests.test_mcp_components.TestMCPServer" name="test_handle_invalid_tool_call" time="0.000"><skipped type="pytest.skip" message="MCP modules not available">/Users/bretbouchard/apps/dev_guard/tests/test_mcp_components.py:508: MCP modules not available</skipped></testcase><testcase classname="tests.test_mcp_components.TestMCPTools" name="test_base_mcp_tool_interface" time="0.000"><skipped type="pytest.skip" message="MCP modules not available">/Users/bretbouchard/apps/dev_guard/tests/test_mcp_components.py:549: MCP modules not available</skipped></testcase><testcase classname="tests.test_mcp_components.TestMCPTools" name="test_code_context_tool" time="0.000"><skipped type="pytest.skip" message="MCP modules not available">/Users/bretbouchard/apps/dev_guard/tests/test_mcp_components.py:577: MCP modules not available</skipped></testcase><testcase classname="tests.test_mcp_components.TestMCPTools" name="test_code_context_tool_execution" time="0.000"><skipped type="pytest.skip" message="MCP modules not available">/Users/bretbouchard/apps/dev_guard/tests/test_mcp_components.py:602: MCP modules not available</skipped></testcase><testcase classname="tests.test_mcp_components.TestMCPTools" name="test_pattern_search_tool" time="0.000"><skipped type="pytest.skip" message="MCP modules not available">/Users/bretbouchard/apps/dev_guard/tests/test_mcp_components.py:626: MCP modules not available</skipped></testcase><testcase classname="tests.test_mcp_components.TestMCPTools" name="test_dependency_analysis_tool" time="0.000"><skipped type="pytest.skip" message="MCP modules not available">/Users/bretbouchard/apps/dev_guard/tests/test_mcp_components.py:638: MCP modules not available</skipped></testcase><testcase classname="tests.test_mcp_components.TestMCPTools" name="test_impact_analysis_tool" time="0.000"><skipped type="pytest.skip" message="MCP modules not available">/Users/bretbouchard/apps/dev_guard/tests/test_mcp_components.py:646: MCP modules not available</skipped></testcase><testcase classname="tests.test_mcp_components.TestMCPTools" name="test_security_scan_tool" time="0.000"><skipped type="pytest.skip" message="MCP modules not available">/Users/bretbouchard/apps/dev_guard/tests/test_mcp_components.py:654: MCP modules not available</skipped></testcase><testcase classname="tests.test_mcp_components.TestMCPTools" name="test_recommendation_tool" time="0.000"><skipped type="pytest.skip" message="MCP modules not available">/Users/bretbouchard/apps/dev_guard/tests/test_mcp_components.py:662: MCP modules not available</skipped></testcase><testcase classname="tests.test_mcp_components.TestMCPIntegration" name="test_mcp_tool_server_integration" time="0.000"><skipped type="pytest.skip" message="MCP modules not available">/Users/bretbouchard/apps/dev_guard/tests/test_mcp_components.py:676: MCP modules not available</skipped></testcase><testcase classname="tests.test_mcp_components.TestMCPIntegration" name="test_error_handling_consistency" time="0.000"><skipped type="pytest.skip" message="MCP modules not available">/Users/bretbouchard/apps/dev_guard/tests/test_mcp_components.py:693: MCP modules not available</skipped></testcase><testcase classname="tests.test_mcp_components.TestMCPIntegration" name="test_full_request_response_cycle" time="0.000"><skipped type="pytest.skip" message="MCP modules not available">/Users/bretbouchard/apps/dev_guard/tests/test_mcp_components.py:716: MCP modules not available</skipped></testcase><testcase classname="tests.test_mcp_components.TestMCPMocks" name="test_mock_mcp_tool_framework" time="0.000"><failure message="NameError: name 'BaseMCPTool' is not defined">tests/test_mcp_components.py:768: in test_mock_mcp_tool_framework
    class MockMCPTool(BaseMCPTool):
                      ^^^^^^^^^^^
E   NameError: name 'BaseMCPTool' is not defined</failure></testcase><testcase classname="tests.test_mcp_components.TestMCPMocks" name="test_mock_server_lifecycle" time="0.001"><failure message="AttributeError: module 'src.dev_guard' has no attribute 'mcp'">tests/test_mcp_components.py:793: in test_mock_server_lifecycle
    with patch('src.dev_guard.mcp.server.FastAPI'), \
../../.pyenv/versions/3.11.11/lib/python3.11/unittest/mock.py:1430: in __enter__
    self.target = self.getter()
                  ^^^^^^^^^^^^^
../../.pyenv/versions/3.11.11/lib/python3.11/pkgutil.py:715: in resolve_name
    result = getattr(result, p)
             ^^^^^^^^^^^^^^^^^^
E   AttributeError: module 'src.dev_guard' has no attribute 'mcp'</failure></testcase><testcase classname="tests.test_mcp_components.TestMCPMocks" name="test_mock_protocol_compliance" time="0.000"><failure message="NameError: name 'MCPRequest' is not defined">tests/test_mcp_components.py:821: in test_mock_protocol_compliance
    request = MCPRequest(**request_data)
              ^^^^^^^^^^
E   NameError: name 'MCPRequest' is not defined</failure></testcase><testcase classname="tests.test_mcp_components.TestMCPEdgeCases" name="test_invalid_model_data" time="0.000"><skipped type="pytest.skip" message="MCP modules not available">/Users/bretbouchard/apps/dev_guard/tests/test_mcp_components.py:843: MCP modules not available</skipped></testcase><testcase classname="tests.test_mcp_components.TestMCPEdgeCases" name="test_large_payload_handling" time="0.000"><skipped type="pytest.skip" message="MCP modules not available">/Users/bretbouchard/apps/dev_guard/tests/test_mcp_components.py:856: MCP modules not available</skipped></testcase><testcase classname="tests.test_mcp_components.TestMCPEdgeCases" name="test_concurrent_server_operations" time="0.000"><skipped type="pytest.skip" message="MCP modules not available">/Users/bretbouchard/apps/dev_guard/tests/test_mcp_components.py:877: MCP modules not available</skipped></testcase><testcase classname="tests.test_mcp_system.TestMCPModels" name="test_mcp_error_code_enum" time="0.000"><skipped type="pytest.skip" message="MCP modules not available">/Users/bretbouchard/apps/dev_guard/tests/test_mcp_system.py:47: MCP modules not available</skipped></testcase><testcase classname="tests.test_mcp_system.TestMCPModels" name="test_mcp_error_creation" time="0.000"><skipped type="pytest.skip" message="MCP modules not available">/Users/bretbouchard/apps/dev_guard/tests/test_mcp_system.py:55: MCP modules not available</skipped></testcase><testcase classname="tests.test_mcp_system.TestMCPModels" name="test_mcp_request_creation" time="0.000"><skipped type="pytest.skip" message="MCP modules not available">/Users/bretbouchard/apps/dev_guard/tests/test_mcp_system.py:81: MCP modules not available</skipped></testcase><testcase classname="tests.test_mcp_system.TestMCPModels" name="test_mcp_response_creation" time="0.000"><skipped type="pytest.skip" message="MCP modules not available">/Users/bretbouchard/apps/dev_guard/tests/test_mcp_system.py:102: MCP modules not available</skipped></testcase><testcase classname="tests.test_mcp_system.TestMCPModels" name="test_mcp_tool_parameter_creation" time="0.000"><skipped type="pytest.skip" message="MCP modules not available">/Users/bretbouchard/apps/dev_guard/tests/test_mcp_system.py:118: MCP modules not available</skipped></testcase><testcase classname="tests.test_mcp_system.TestMCPModels" name="test_mcp_tool_creation" time="0.000"><skipped type="pytest.skip" message="MCP modules not available">/Users/bretbouchard/apps/dev_guard/tests/test_mcp_system.py:144: MCP modules not available</skipped></testcase><testcase classname="tests.test_mcp_system.TestMCPModels" name="test_mcp_capabilities_creation" time="0.000"><skipped type="pytest.skip" message="MCP modules not available">/Users/bretbouchard/apps/dev_guard/tests/test_mcp_system.py:172: MCP modules not available</skipped></testcase><testcase classname="tests.test_mcp_system.TestMCPModels" name="test_mcp_initialize_creation" time="0.000"><skipped type="pytest.skip" message="MCP modules not available">/Users/bretbouchard/apps/dev_guard/tests/test_mcp_system.py:190: MCP modules not available</skipped></testcase><testcase classname="tests.test_mcp_system.TestMCPServer" name="test_mcp_server_initialization" time="0.000"><skipped type="pytest.skip" message="MCP modules not available">/Users/bretbouchard/apps/dev_guard/tests/test_mcp_system.py:225: MCP modules not available</skipped></testcase><testcase classname="tests.test_mcp_system.TestMCPServer" name="test_mcp_server_default_initialization" time="0.000"><skipped type="pytest.skip" message="MCP modules not available">/Users/bretbouchard/apps/dev_guard/tests/test_mcp_system.py:248: MCP modules not available</skipped></testcase><testcase classname="tests.test_mcp_system.TestMCPServer" name="test_server_tool_initialization" time="0.000"><skipped type="pytest.skip" message="MCP modules not available">/Users/bretbouchard/apps/dev_guard/tests/test_mcp_system.py:259: MCP modules not available</skipped></testcase><testcase classname="tests.test_mcp_system.TestMCPServer" name="test_server_capabilities" time="0.000"><skipped type="pytest.skip" message="MCP modules not available">/Users/bretbouchard/apps/dev_guard/tests/test_mcp_system.py:276: MCP modules not available</skipped></testcase><testcase classname="tests.test_mcp_system.TestMCPServer" name="test_add_custom_tool" time="0.000"><skipped type="pytest.skip" message="MCP modules not available">/Users/bretbouchard/apps/dev_guard/tests/test_mcp_system.py:287: MCP modules not available</skipped></testcase><testcase classname="tests.test_mcp_system.TestMCPServer" name="test_remove_tool" time="0.000"><skipped type="pytest.skip" message="MCP modules not available">/Users/bretbouchard/apps/dev_guard/tests/test_mcp_system.py:304: MCP modules not available</skipped></testcase><testcase classname="tests.test_mcp_system.TestMCPServer" name="test_get_tool_info" time="0.000"><skipped type="pytest.skip" message="MCP modules not available">/Users/bretbouchard/apps/dev_guard/tests/test_mcp_system.py:316: MCP modules not available</skipped></testcase><testcase classname="tests.test_mcp_system.TestMCPServer" name="test_handle_initialize_request" time="0.000"><skipped type="pytest.skip" message="MCP modules not available">/Users/bretbouchard/apps/dev_guard/tests/test_mcp_system.py:330: MCP modules not available</skipped></testcase><testcase classname="tests.test_mcp_system.TestMCPServer" name="test_handle_tools_list_request" time="0.000"><skipped type="pytest.skip" message="MCP modules not available">/Users/bretbouchard/apps/dev_guard/tests/test_mcp_system.py:355: MCP modules not available</skipped></testcase><testcase classname="tests.test_mcp_system.TestMCPServer" name="test_handle_tool_call_request" time="0.000"><skipped type="pytest.skip" message="MCP modules not available">/Users/bretbouchard/apps/dev_guard/tests/test_mcp_system.py:375: MCP modules not available</skipped></testcase><testcase classname="tests.test_mcp_system.TestMCPServer" name="test_handle_invalid_tool_call" time="0.000"><skipped type="pytest.skip" message="MCP modules not available">/Users/bretbouchard/apps/dev_guard/tests/test_mcp_system.py:401: MCP modules not available</skipped></testcase><testcase classname="tests.test_mcp_system.TestMCPServer" name="test_handle_unknown_method" time="0.000"><skipped type="pytest.skip" message="MCP modules not available">/Users/bretbouchard/apps/dev_guard/tests/test_mcp_system.py:435: MCP modules not available</skipped></testcase><testcase classname="tests.test_mcp_system.TestMCPTools" name="test_base_mcp_tool_interface" time="0.000"><skipped type="pytest.skip" message="MCP modules not available">/Users/bretbouchard/apps/dev_guard/tests/test_mcp_system.py:458: MCP modules not available</skipped></testcase><testcase classname="tests.test_mcp_system.TestMCPTools" name="test_code_context_tool" time="0.000"><skipped type="pytest.skip" message="MCP modules not available">/Users/bretbouchard/apps/dev_guard/tests/test_mcp_system.py:489: MCP modules not available</skipped></testcase><testcase classname="tests.test_mcp_system.TestMCPTools" name="test_code_context_tool_execution" time="0.000"><skipped type="pytest.skip" message="MCP modules not available">/Users/bretbouchard/apps/dev_guard/tests/test_mcp_system.py:514: MCP modules not available</skipped></testcase><testcase classname="tests.test_mcp_system.TestMCPTools" name="test_pattern_search_tool" time="0.000"><skipped type="pytest.skip" message="MCP modules not available">/Users/bretbouchard/apps/dev_guard/tests/test_mcp_system.py:536: MCP modules not available</skipped></testcase><testcase classname="tests.test_mcp_system.TestMCPTools" name="test_dependency_analysis_tool" time="0.000"><skipped type="pytest.skip" message="MCP modules not available">/Users/bretbouchard/apps/dev_guard/tests/test_mcp_system.py:547: MCP modules not available</skipped></testcase><testcase classname="tests.test_mcp_system.TestMCPTools" name="test_impact_analysis_tool" time="0.000"><skipped type="pytest.skip" message="MCP modules not available">/Users/bretbouchard/apps/dev_guard/tests/test_mcp_system.py:555: MCP modules not available</skipped></testcase><testcase classname="tests.test_mcp_system.TestMCPTools" name="test_security_scan_tool" time="0.000"><skipped type="pytest.skip" message="MCP modules not available">/Users/bretbouchard/apps/dev_guard/tests/test_mcp_system.py:563: MCP modules not available</skipped></testcase><testcase classname="tests.test_mcp_system.TestMCPTools" name="test_recommendation_tool" time="0.000"><skipped type="pytest.skip" message="MCP modules not available">/Users/bretbouchard/apps/dev_guard/tests/test_mcp_system.py:571: MCP modules not available</skipped></testcase><testcase classname="tests.test_mcp_system.TestMCPIntegration" name="test_server_tool_integration" time="0.000"><skipped type="pytest.skip" message="MCP modules not available">/Users/bretbouchard/apps/dev_guard/tests/test_mcp_system.py:585: MCP modules not available</skipped></testcase><testcase classname="tests.test_mcp_system.TestMCPIntegration" name="test_end_to_end_request_handling" time="0.000"><skipped type="pytest.skip" message="MCP modules not available">/Users/bretbouchard/apps/dev_guard/tests/test_mcp_system.py:602: MCP modules not available</skipped></testcase><testcase classname="tests.test_mcp_system.TestMCPIntegration" name="test_error_handling_consistency" time="0.000"><skipped type="pytest.skip" message="MCP modules not available">/Users/bretbouchard/apps/dev_guard/tests/test_mcp_system.py:646: MCP modules not available</skipped></testcase><testcase classname="tests.test_mcp_system.TestMCPMocks" name="test_mock_mcp_tool_framework" time="0.000"><skipped type="pytest.skip" message="MCP modules not available">/Users/bretbouchard/apps/dev_guard/tests/test_mcp_system.py:677: MCP modules not available</skipped></testcase><testcase classname="tests.test_mcp_system.TestMCPMocks" name="test_mock_server_lifecycle" time="0.000"><skipped type="pytest.skip" message="MCP modules not available">/Users/bretbouchard/apps/dev_guard/tests/test_mcp_system.py:704: MCP modules not available</skipped></testcase><testcase classname="tests.test_mcp_system.TestMCPMocks" name="test_mock_protocol_compliance" time="0.000"><skipped type="pytest.skip" message="MCP modules not available">/Users/bretbouchard/apps/dev_guard/tests/test_mcp_system.py:728: MCP modules not available</skipped></testcase><testcase classname="tests.test_mcp_system.TestMCPPerformance" name="test_large_payload_handling" time="0.001"><skipped type="pytest.skip" message="MCP modules not available">/Users/bretbouchard/apps/dev_guard/tests/test_mcp_system.py:758: MCP modules not available</skipped></testcase><testcase classname="tests.test_mcp_system.TestMCPPerformance" name="test_concurrent_server_operations" time="0.000"><skipped type="pytest.skip" message="MCP modules not available">/Users/bretbouchard/apps/dev_guard/tests/test_mcp_system.py:778: MCP modules not available</skipped></testcase><testcase classname="tests.test_mcp_system.TestMCPPerformance" name="test_error_recovery" time="0.000"><skipped type="pytest.skip" message="MCP modules not available">/Users/bretbouchard/apps/dev_guard/tests/test_mcp_system.py:802: MCP modules not available</skipped></testcase><testcase classname="tests.test_notifications.TestNotificationMessage" name="test_notification_message_creation" time="0.000" /><testcase classname="tests.test_notifications.TestNotificationMessage" name="test_notification_message_defaults" time="0.000" /><testcase classname="tests.test_notifications.TestNotificationMessage" name="test_notification_levels" time="0.000" /><testcase classname="tests.test_notifications.TestTemplateManager" name="test_template_manager_creation" time="0.000" /><testcase classname="tests.test_notifications.TestTemplateManager" name="test_list_templates" time="0.000" /><testcase classname="tests.test_notifications.TestNotificationManager" name="test_notification_manager_creation" time="0.000" /><testcase classname="tests.test_notifications.TestNotificationManager" name="test_notification_manager_disabled" time="0.000" /><testcase classname="tests.test_notifications.TestNotificationManager" name="test_send_notification_no_providers" time="0.001" /><testcase classname="tests.test_notifications.TestNotificationIntegration" name="test_notification_config_creation" time="0.000" /><testcase classname="tests.test_notifications.TestNotificationIntegration" name="test_end_to_end_creation" time="0.000" /><testcase classname="tests.test_notifications.TestNotificationMocks" name="test_mock_notification_sending" time="0.002" /><testcase classname="tests.test_notifications.TestNotificationMocks" name="test_mock_template_rendering" time="0.001" /><testcase classname="tests.test_notifications.TestNotificationLevels" name="test_notification_level_values" time="0.000" /><testcase classname="tests.test_notifications.TestNotificationLevels" name="test_notification_level_comparison" time="0.000" /><testcase classname="tests.test_shared_memory.TestMemoryModels" name="test_memory_entry_creation" time="0.000" /><testcase classname="tests.test_shared_memory.TestMemoryModels" name="test_memory_entry_with_goose_fields" time="0.000" /><testcase classname="tests.test_shared_memory.TestMemoryModels" name="test_memory_entry_validation" time="0.001" /><testcase classname="tests.test_shared_memory.TestMemoryModels" name="test_task_status_creation" time="0.000" /><testcase classname="tests.test_shared_memory.TestMemoryModels" name="test_task_status_validation" time="0.000" /><testcase classname="tests.test_shared_memory.TestMemoryModels" name="test_agent_state_creation" time="0.000" /><testcase classname="tests.test_shared_memory.TestMemoryModels" name="test_agent_state_validation" time="0.000" /><testcase classname="tests.test_shared_memory.TestSharedMemoryCore" name="test_shared_memory_initialization" time="0.008" /><testcase classname="tests.test_shared_memory.TestSharedMemoryCore" name="test_add_memory_entry" time="0.007" /><testcase classname="tests.test_shared_memory.TestSharedMemoryCore" name="test_add_memory_with_parent" time="0.008" /><testcase classname="tests.test_shared_memory.TestSharedMemoryCore" name="test_add_memory_invalid_parent" time="0.006"><failure message="src.dev_guard.memory.shared_memory.SharedMemoryError: Failed to add memory entry: Parent entry nonexistent_parent_id does not exist">src/dev_guard/memory/shared_memory.py:290: in add_memory
    raise ValueError(f"Parent entry {entry.parent_id} does not exist")
E   ValueError: Parent entry nonexistent_parent_id does not exist

During handling of the above exception, another exception occurred:
tests/test_shared_memory.py:321: in test_add_memory_invalid_parent
    shared_memory.add_memory(invalid_parent_entry)
src/dev_guard/memory/shared_memory.py:317: in add_memory
    raise SharedMemoryError(f"Failed to add memory entry: {e}")
E   src.dev_guard.memory.shared_memory.SharedMemoryError: Failed to add memory entry: Parent entry nonexistent_parent_id does not exist</failure></testcase><testcase classname="tests.test_shared_memory.TestSharedMemoryCore" name="test_get_memories_by_agent" time="0.009" /><testcase classname="tests.test_shared_memory.TestSharedMemoryCore" name="test_get_memories_by_type" time="0.008" /><testcase classname="tests.test_shared_memory.TestSharedMemoryCore" name="test_get_memories_with_filters" time="0.008" /><testcase classname="tests.test_shared_memory.TestSharedMemoryCore" name="test_update_memory_entry" time="0.007" /><testcase classname="tests.test_shared_memory.TestSharedMemoryCore" name="test_update_nonexistent_memory" time="0.006" /><testcase classname="tests.test_shared_memory.TestSharedMemoryCore" name="test_delete_memory_entry" time="0.008" /><testcase classname="tests.test_shared_memory.TestSharedMemoryCore" name="test_delete_nonexistent_memory" time="0.006" /><testcase classname="tests.test_shared_memory.TestTaskManagement" name="test_create_task" time="0.007" /><testcase classname="tests.test_shared_memory.TestTaskManagement" name="test_create_task_with_dependencies" time="0.007" /><testcase classname="tests.test_shared_memory.TestTaskManagement" name="test_create_task_invalid_dependency" time="0.006"><failure message="src.dev_guard.memory.shared_memory.SharedMemoryError: Failed to create task: Dependency task nonexistent_task_id does not exist">src/dev_guard/memory/shared_memory.py:518: in create_task
    raise ValueError(f"Dependency task {dep_id} does not exist")
E   ValueError: Dependency task nonexistent_task_id does not exist

During handling of the above exception, another exception occurred:
tests/test_shared_memory.py:495: in test_create_task_invalid_dependency
    shared_memory.create_task(sample_task)
src/dev_guard/memory/shared_memory.py:544: in create_task
    raise SharedMemoryError(f"Failed to create task: {e}")
E   src.dev_guard.memory.shared_memory.SharedMemoryError: Failed to create task: Dependency task nonexistent_task_id does not exist</failure></testcase><testcase classname="tests.test_shared_memory.TestTaskManagement" name="test_update_task_status" time="0.008" /><testcase classname="tests.test_shared_memory.TestTaskManagement" name="test_update_task_metadata" time="0.007" /><testcase classname="tests.test_shared_memory.TestTaskManagement" name="test_update_task_result" time="0.008" /><testcase classname="tests.test_shared_memory.TestTaskManagement" name="test_get_tasks_by_agent" time="0.008" /><testcase classname="tests.test_shared_memory.TestTaskManagement" name="test_get_tasks_by_status" time="0.008" /><testcase classname="tests.test_shared_memory.TestTaskManagement" name="test_delete_task" time="0.007" /><testcase classname="tests.test_shared_memory.TestAgentStateManagement" name="test_update_agent_state" time="0.006" /><testcase classname="tests.test_shared_memory.TestAgentStateManagement" name="test_update_agent_state_with_current_task" time="0.007" /><testcase classname="tests.test_shared_memory.TestAgentStateManagement" name="test_update_agent_state_invalid_task" time="0.006"><failure message="src.dev_guard.memory.shared_memory.SharedMemoryError: Failed to update agent state: Current task nonexistent_task_id does not exist">src/dev_guard/memory/shared_memory.py:717: in update_agent_state
    raise ValueError(f"Current task {state.current_task} does not exist")
E   ValueError: Current task nonexistent_task_id does not exist

During handling of the above exception, another exception occurred:
tests/test_shared_memory.py:638: in test_update_agent_state_invalid_task
    shared_memory.update_agent_state(state)
src/dev_guard/memory/shared_memory.py:736: in update_agent_state
    raise SharedMemoryError(f"Failed to update agent state: {e}")
E   src.dev_guard.memory.shared_memory.SharedMemoryError: Failed to update agent state: Current task nonexistent_task_id does not exist</failure></testcase><testcase classname="tests.test_shared_memory.TestAgentStateManagement" name="test_get_all_agent_states" time="0.008" /><testcase classname="tests.test_shared_memory.TestAgentStateManagement" name="test_get_agent_states_dict" time="0.007" /><testcase classname="tests.test_shared_memory.TestAgentStateManagement" name="test_delete_agent_state" time="0.007" /><testcase classname="tests.test_shared_memory.TestAdvancedFeatures" name="test_conversation_threading" time="0.009"><failure message="AssertionError: assert 1 == 3&#10; +  where 1 = len([MemoryEntry(id='331a6382-5420-440e-8a7b-1246d2525072', agent_id='user', timestamp=datetime.datetime(2025, 8, 11, 23, 47, 28, 352214, tzinfo=datetime.timezone.utc), type='observation', content={'message': 'Root message'}, tags=set(), parent_id=None, context={}, goose_patch=None, ast_summary=None, goose_strategy=None, file_path=None)])">tests/test_shared_memory.py:729: in test_conversation_threading
    assert len(thread) == 3
E   AssertionError: assert 1 == 3
E    +  where 1 = len([MemoryEntry(id='331a6382-5420-440e-8a7b-1246d2525072', agent_id='user', timestamp=datetime.datetime(2025, 8, 11, 23, 47, 28, 352214, tzinfo=datetime.timezone.utc), type='observation', content={'message': 'Root message'}, tags=set(), parent_id=None, context={}, goose_patch=None, ast_summary=None, goose_strategy=None, file_path=None)])</failure></testcase><testcase classname="tests.test_shared_memory.TestAdvancedFeatures" name="test_memory_search" time="0.008" /><testcase classname="tests.test_shared_memory.TestAdvancedFeatures" name="test_memory_search_with_filters" time="0.008" /><testcase classname="tests.test_shared_memory.TestAdvancedFeatures" name="test_memory_tagging_and_search" time="0.008" /><testcase classname="tests.test_shared_memory.TestAdvancedFeatures" name="test_audit_trail" time="0.008" /><testcase classname="tests.test_shared_memory.TestAdvancedFeatures" name="test_cleanup_old_entries" time="0.008" /><testcase classname="tests.test_shared_memory.TestAdvancedFeatures" name="test_goose_patch_memory_logging" time="0.007" /><testcase classname="tests.test_shared_memory.TestAdvancedFeatures" name="test_ast_analysis_memory_logging" time="0.006" /><testcase classname="tests.test_shared_memory.TestAdvancedFeatures" name="test_statistics_collection" time="0.009" /><testcase classname="tests.test_shared_memory.TestSharedMemoryErrorHandling" name="test_database_error_handling" time="0.006"><failure message="src.dev_guard.memory.shared_memory.SharedMemoryError: Failed to add memory entry: entry must be a MemoryEntry instance">src/dev_guard/memory/shared_memory.py:280: in add_memory
    raise ValueError("entry must be a MemoryEntry instance")
E   ValueError: entry must be a MemoryEntry instance

During handling of the above exception, another exception occurred:
tests/test_shared_memory.py:1045: in test_database_error_handling
    shared_memory.add_memory("not_a_memory_entry")
src/dev_guard/memory/shared_memory.py:317: in add_memory
    raise SharedMemoryError(f"Failed to add memory entry: {e}")
E   src.dev_guard.memory.shared_memory.SharedMemoryError: Failed to add memory entry: entry must be a MemoryEntry instance</failure></testcase><testcase classname="tests.test_shared_memory.TestSharedMemoryErrorHandling" name="test_concurrent_access_simulation" time="0.015" /><testcase classname="tests.test_shared_memory.TestSharedMemoryErrorHandling" name="test_memory_limits" time="0.054" /><testcase classname="tests.test_shared_memory.TestSharedMemoryErrorHandling" name="test_invalid_database_path" time="0.001"><failure message="OSError: [Errno 30] Read-only file system: '/nonexistent'">../../.pyenv/versions/3.11.11/lib/python3.11/pathlib.py:1116: in mkdir
    os.mkdir(self, mode)
E   FileNotFoundError: [Errno 2] No such file or directory: '/nonexistent/directory'

During handling of the above exception, another exception occurred:
tests/test_shared_memory.py:1115: in test_invalid_database_path
    sm = SharedMemory(db_path=invalid_path)
         ^^^^^^^^^^^^^^^^^^^^^^^^^^^^^^^^^^
src/dev_guard/memory/shared_memory.py:160: in __init__
    self.db_path.parent.mkdir(parents=True, exist_ok=True)
../../.pyenv/versions/3.11.11/lib/python3.11/pathlib.py:1120: in mkdir
    self.parent.mkdir(parents=True, exist_ok=True)
../../.pyenv/versions/3.11.11/lib/python3.11/pathlib.py:1116: in mkdir
    os.mkdir(self, mode)
E   OSError: [Errno 30] Read-only file system: '/nonexistent'</failure></testcase><testcase classname="tests.test_shared_memory.TestSharedMemoryErrorHandling" name="test_database_corruption_simulation" time="0.008" /><testcase classname="tests.test_shared_memory.TestSharedMemoryMocks" name="test_mock_memory_operations" time="0.001" /><testcase classname="tests.test_shared_memory.TestSharedMemoryMocks" name="test_mock_task_operations" time="0.001" /><testcase classname="tests.test_shared_memory.TestSharedMemoryMocks" name="test_mock_agent_state_operations" time="0.001" /><testcase classname="tests.test_shared_memory_system.TestMemoryEntry" name="test_memory_entry_creation" time="0.000" /><testcase classname="tests.test_shared_memory_system.TestMemoryEntry" name="test_memory_entry_with_goose_metadata" time="0.000" /><testcase classname="tests.test_shared_memory_system.TestMemoryEntry" name="test_memory_entry_validation_errors" time="0.001"><failure message="AssertionError: Regex pattern did not match.&#10; Regex: 'agent_id cannot be empty'&#10; Input: &quot;1 validation error for MemoryEntry\nagent_id\n  String should have at least 1 character [type=string_too_short, input_value='', input_type=str]\n    For further information visit https://errors.pydantic.dev/2.7/v/string_too_short&quot;">tests/test_shared_memory_system.py:100: in test_memory_entry_validation_errors
    MemoryEntry(
E   pydantic_core._pydantic_core.ValidationError: 1 validation error for MemoryEntry
E   agent_id
E     String should have at least 1 character [type=string_too_short, input_value='', input_type=str]
E       For further information visit https://errors.pydantic.dev/2.7/v/string_too_short

During handling of the above exception, another exception occurred:
tests/test_shared_memory_system.py:99: in test_memory_entry_validation_errors
    with pytest.raises(ValueError, match="agent_id cannot be empty"):
E   AssertionError: Regex pattern did not match.
E    Regex: 'agent_id cannot be empty'
E    Input: "1 validation error for MemoryEntry\nagent_id\n  String should have at least 1 character [type=string_too_short, input_value='', input_type=str]\n    For further information visit https://errors.pydantic.dev/2.7/v/string_too_short"</failure></testcase><testcase classname="tests.test_shared_memory_system.TestMemoryEntry" name="test_memory_entry_tags_validation" time="0.000"><failure message="pydantic_core._pydantic_core.ValidationError: 1 validation error for MemoryEntry&#10;tags&#10;  Value error, tags cannot contain empty strings [type=value_error, input_value={'', 'tag3', '  ', 'tag2', 'tag1'}, input_type=set]&#10;    For further information visit https://errors.pydantic.dev/2.7/v/value_error">tests/test_shared_memory_system.py:124: in test_memory_entry_tags_validation
    entry = MemoryEntry(
E   pydantic_core._pydantic_core.ValidationError: 1 validation error for MemoryEntry
E   tags
E     Value error, tags cannot contain empty strings [type=value_error, input_value={'', 'tag3', '  ', 'tag2', 'tag1'}, input_type=set]
E       For further information visit https://errors.pydantic.dev/2.7/v/value_error</failure></testcase><testcase classname="tests.test_shared_memory_system.TestMemoryEntry" name="test_memory_entry_parent_child_relationship" time="0.000" /><testcase classname="tests.test_shared_memory_system.TestTaskStatus" name="test_task_status_creation" time="0.000" /><testcase classname="tests.test_shared_memory_system.TestTaskStatus" name="test_task_status_with_metadata" time="0.000" /><testcase classname="tests.test_shared_memory_system.TestTaskStatus" name="test_task_status_completion" time="0.000" /><testcase classname="tests.test_shared_memory_system.TestTaskStatus" name="test_task_status_failure" time="0.000" /><testcase classname="tests.test_shared_memory_system.TestTaskStatus" name="test_task_status_validation" time="0.000"><failure message="AssertionError: Regex pattern did not match.&#10; Regex: 'agent_id cannot be empty'&#10; Input: &quot;1 validation error for TaskStatus\nagent_id\n  String should have at least 1 character [type=string_too_short, input_value='', input_type=str]\n    For further information visit https://errors.pydantic.dev/2.7/v/string_too_short&quot;">tests/test_shared_memory_system.py:227: in test_task_status_validation
    TaskStatus(
E   pydantic_core._pydantic_core.ValidationError: 1 validation error for TaskStatus
E   agent_id
E     String should have at least 1 character [type=string_too_short, input_value='', input_type=str]
E       For further information visit https://errors.pydantic.dev/2.7/v/string_too_short

During handling of the above exception, another exception occurred:
tests/test_shared_memory_system.py:226: in test_task_status_validation
    with pytest.raises(ValueError, match="agent_id cannot be empty"):
E   AssertionError: Regex pattern did not match.
E    Regex: 'agent_id cannot be empty'
E    Input: "1 validation error for TaskStatus\nagent_id\n  String should have at least 1 character [type=string_too_short, input_value='', input_type=str]\n    For further information visit https://errors.pydantic.dev/2.7/v/string_too_short"</failure></testcase><testcase classname="tests.test_shared_memory_system.TestAgentState" name="test_agent_state_creation" time="0.000"><failure message="pydantic_core._pydantic_core.ValidationError: 1 validation error for AgentState&#10;status&#10;  String should match pattern '^(idle|busy|error|stopped)$' [type=string_pattern_mismatch, input_value='active', input_type=str]&#10;    For further information visit https://errors.pydantic.dev/2.7/v/string_pattern_mismatch">tests/test_shared_memory_system.py:252: in test_agent_state_creation
    state = AgentState(
E   pydantic_core._pydantic_core.ValidationError: 1 validation error for AgentState
E   status
E     String should match pattern '^(idle|busy|error|stopped)$' [type=string_pattern_mismatch, input_value='active', input_type=str]
E       For further information visit https://errors.pydantic.dev/2.7/v/string_pattern_mismatch</failure></testcase><testcase classname="tests.test_shared_memory_system.TestSharedMemorySystem" name="test_shared_memory_initialization" time="0.006"><failure message="AssertionError: assert PosixPath('/var/folders/vt/1rf2jg2x4fs5b7vl_7k0vmw00000gn/T/tmpekd09_ys.db') == '/var/folders/vt/1rf2jg2x4fs5b7vl_7k0vmw00000gn/T/tmpekd09_ys.db'&#10; +  where PosixPath('/var/folders/vt/1rf2jg2x4fs5b7vl_7k0vmw00000gn/T/tmpekd09_ys.db') = &lt;src.dev_guard.memory.shared_memory.SharedMemory object at 0x147110350&gt;.db_path">tests/test_shared_memory_system.py:271: in test_shared_memory_initialization
    assert memory.db_path == temp_db_path
E   AssertionError: assert PosixPath('/var/folders/vt/1rf2jg2x4fs5b7vl_7k0vmw00000gn/T/tmpekd09_ys.db') == '/var/folders/vt/1rf2jg2x4fs5b7vl_7k0vmw00000gn/T/tmpekd09_ys.db'
E    +  where PosixPath('/var/folders/vt/1rf2jg2x4fs5b7vl_7k0vmw00000gn/T/tmpekd09_ys.db') = &lt;src.dev_guard.memory.shared_memory.SharedMemory object at 0x147110350&gt;.db_path</failure></testcase><testcase classname="tests.test_shared_memory_system.TestSharedMemorySystem" name="test_add_memory_entry" time="0.007" /><testcase classname="tests.test_shared_memory_system.TestSharedMemorySystem" name="test_get_memories_filtering" time="0.008"><failure message="TypeError: SharedMemory.get_memories() got an unexpected keyword argument 'type'">tests/test_shared_memory_system.py:338: in test_get_memories_filtering
    observation_memories = shared_memory.get_memories(type="observation")
                           ^^^^^^^^^^^^^^^^^^^^^^^^^^^^^^^^^^^^^^^^^^^^^^
E   TypeError: SharedMemory.get_memories() got an unexpected keyword argument 'type'</failure></testcase><testcase classname="tests.test_shared_memory_system.TestSharedMemorySystem" name="test_memory_conversation_threading" time="0.008"><failure message="AssertionError: assert 1 &gt;= 3&#10; +  where 1 = len([MemoryEntry(id='fbd3b14f-1efa-4833-aa9f-e21babe2d41c', agent_id='test_agent', timestamp=datetime.datetime(2025, 8, 11, 23, 47, 28, 834015, tzinfo=datetime.timezone.utc), type='task', content={'task': 'main task'}, tags=set(), parent_id=None, context={}, goose_patch=None, ast_summary=None, goose_strategy=None, file_path=None)])">tests/test_shared_memory_system.py:374: in test_memory_conversation_threading
    assert len(thread) &gt;= 3  # parent + 2 children
    ^^^^^^^^^^^^^^^^^^^^^^^
E   AssertionError: assert 1 &gt;= 3
E    +  where 1 = len([MemoryEntry(id='fbd3b14f-1efa-4833-aa9f-e21babe2d41c', agent_id='test_agent', timestamp=datetime.datetime(2025, 8, 11, 23, 47, 28, 834015, tzinfo=datetime.timezone.utc), type='task', content={'task': 'main task'}, tags=set(), parent_id=None, context={}, goose_patch=None, ast_summary=None, goose_strategy=None, file_path=None)])</failure></testcase><testcase classname="tests.test_shared_memory_system.TestSharedMemorySystem" name="test_add_task_status" time="0.007" /><testcase classname="tests.test_shared_memory_system.TestSharedMemorySystem" name="test_update_task_status" time="0.007"><failure message="AttributeError: 'SharedMemory' object has no attribute 'update_task_status'">tests/test_shared_memory_system.py:407: in test_update_task_status
    success = shared_memory.update_task_status(
              ^^^^^^^^^^^^^^^^^^^^^^^^^^^^^^^^
E   AttributeError: 'SharedMemory' object has no attribute 'update_task_status'</failure></testcase><testcase classname="tests.test_shared_memory_system.TestSharedMemorySystem" name="test_memory_search" time="0.008" /><testcase classname="tests.test_shared_memory_system.TestSharedMemorySystem" name="test_memory_cleanup" time="0.006"><failure message="NameError: name 'timezone' is not defined">tests/test_shared_memory_system.py:455: in test_memory_cleanup
    old_timestamp = datetime.now(timezone.utc) - timedelta(days=35)
                                 ^^^^^^^^
E   NameError: name 'timezone' is not defined</failure></testcase><testcase classname="tests.test_shared_memory_system.TestSharedMemorySystem" name="test_concurrent_memory_operations" time="0.017" /><testcase classname="tests.test_shared_memory_system.TestSharedMemorySystem" name="test_memory_limits" time="0.055" /><testcase classname="tests.test_shared_memory_system.TestSharedMemorySystem" name="test_goose_integration_metadata" time="0.007"><failure message="TypeError: SharedMemory.get_memories() got an unexpected keyword argument 'type'">tests/test_shared_memory_system.py:567: in test_goose_integration_metadata
    goose_memories = shared_memory.get_memories(
E   TypeError: SharedMemory.get_memories() got an unexpected keyword argument 'type'</failure></testcase><testcase classname="tests.test_shared_memory_system.TestSharedMemorySystem" name="test_database_integrity" time="0.006"><failure message="AttributeError: &lt;src.dev_guard.memory.shared_memory.SharedMemory object at 0x14713b750&gt; does not have the attribute '_serialize_content'">tests/test_shared_memory_system.py:590: in test_database_integrity
    with patch.object(shared_memory, '_serialize_content') as mock_serialize:
../../.pyenv/versions/3.11.11/lib/python3.11/unittest/mock.py:1446: in __enter__
    original, local = self.get_original()
                      ^^^^^^^^^^^^^^^^^^^
../../.pyenv/versions/3.11.11/lib/python3.11/unittest/mock.py:1419: in get_original
    raise AttributeError(
E   AttributeError: &lt;src.dev_guard.memory.shared_memory.SharedMemory object at 0x14713b750&gt; does not have the attribute '_serialize_content'</failure></testcase><testcase classname="tests.test_shared_memory_system.TestSharedMemorySystem" name="test_database_connection_management" time="0.007"><failure message="AttributeError: 'SharedMemory' object has no attribute '_test_connection'">tests/test_shared_memory_system.py:602: in test_database_connection_management
    assert memory._test_connection() is True
           ^^^^^^^^^^^^^^^^^^^^^^^
E   AttributeError: 'SharedMemory' object has no attribute '_test_connection'</failure></testcase><testcase classname="tests.test_shared_memory_system.TestSharedMemoryMocks" name="test_mock_memory_operations" time="0.004"><failure message="AssertionError: assert False&#10; +  where False = &lt;Mock name='connect().__enter__().cursor().execute' id='5488707216'&gt;.called&#10; +    where &lt;Mock name='connect().__enter__().cursor().execute' id='5488707216'&gt; = &lt;Mock name='connect().__enter__().cursor()' id='5760116560'&gt;.execute">tests/test_shared_memory_system.py:651: in test_mock_memory_operations
    assert mock_cursor.execute.called
E   AssertionError: assert False
E    +  where False = &lt;Mock name='connect().__enter__().cursor().execute' id='5488707216'&gt;.called
E    +    where &lt;Mock name='connect().__enter__().cursor().execute' id='5488707216'&gt; = &lt;Mock name='connect().__enter__().cursor()' id='5760116560'&gt;.execute</failure></testcase><testcase classname="tests.test_shared_memory_system.TestSharedMemoryMocks" name="test_memory_entry_serialization" time="0.000" /><testcase classname="tests.test_shared_memory_system.TestSharedMemoryMocks" name="test_batch_memory_operations" time="0.000" /><testcase classname="tests.test_vector_database_system.TestDocumentModel" name="test_document_creation" time="0.000" /><testcase classname="tests.test_vector_database_system.TestDocumentModel" name="test_document_with_embedding" time="0.000" /><testcase classname="tests.test_vector_database_system.TestDocumentModel" name="test_document_validation" time="0.000" /><testcase classname="tests.test_vector_database_system.TestDocumentModel" name="test_document_content_hash" time="0.000" /><testcase classname="tests.test_vector_database_system.TestDocumentModel" name="test_document_serialization" time="0.000" /><testcase classname="tests.test_vector_database_system.TestFileProcessor" name="test_file_processor_initialization" time="0.000" /><testcase classname="tests.test_vector_database_system.TestFileProcessor" name="test_extract_file_metadata" time="0.001" /><testcase classname="tests.test_vector_database_system.TestFileProcessor" name="test_process_code_file" time="0.001"><failure message="KeyError: 'language'">tests/test_vector_database_system.py:222: in test_process_code_file
    assert metadata["language"] == "python"
           ^^^^^^^^^^^^^^^^^^^^
E   KeyError: 'language'</failure></testcase><testcase classname="tests.test_vector_database_system.TestFileProcessor" name="test_process_text_file" time="0.001"><failure message="KeyError: 'language'">tests/test_vector_database_system.py:255: in test_process_text_file
    assert metadata["language"] == "markdown"
           ^^^^^^^^^^^^^^^^^^^^
E   KeyError: 'language'</failure></testcase><testcase classname="tests.test_vector_database_system.TestFileProcessor" name="test_unsupported_file_type" time="0.001"><failure message="KeyError: 'language'">tests/test_vector_database_system.py:274: in test_unsupported_file_type
    assert metadata["language"] == "unknown"
           ^^^^^^^^^^^^^^^^^^^^
E   KeyError: 'language'</failure></testcase><testcase classname="tests.test_vector_database_system.TestFileProcessor" name="test_file_change_detection" time="0.000" /><testcase classname="tests.test_vector_database_system.TestVectorDatabase" name="test_vector_database_initialization" time="0.001"><error message="failed on setup with &quot;AttributeError: &lt;module 'src.dev_guard.memory.vector_db' from '/Users/bretbouchard/apps/dev_guard/src/dev_guard/memory/vector_db.py'&gt; does not have the attribute 'SentenceTransformer'&quot;">tests/test_vector_database_system.py:60: in vector_database
    with patch('src.dev_guard.memory.vector_db.chromadb'), \
../../.pyenv/versions/3.11.11/lib/python3.11/unittest/mock.py:1446: in __enter__
    original, local = self.get_original()
                      ^^^^^^^^^^^^^^^^^^^
../../.pyenv/versions/3.11.11/lib/python3.11/unittest/mock.py:1419: in get_original
    raise AttributeError(
E   AttributeError: &lt;module 'src.dev_guard.memory.vector_db' from '/Users/bretbouchard/apps/dev_guard/src/dev_guard/memory/vector_db.py'&gt; does not have the attribute 'SentenceTransformer'</error></testcase><testcase classname="tests.test_vector_database_system.TestVectorDatabase" name="test_add_document" time="0.001"><error message="failed on setup with &quot;AttributeError: &lt;module 'src.dev_guard.memory.vector_db' from '/Users/bretbouchard/apps/dev_guard/src/dev_guard/memory/vector_db.py'&gt; does not have the attribute 'SentenceTransformer'&quot;">tests/test_vector_database_system.py:60: in vector_database
    with patch('src.dev_guard.memory.vector_db.chromadb'), \
../../.pyenv/versions/3.11.11/lib/python3.11/unittest/mock.py:1446: in __enter__
    original, local = self.get_original()
                      ^^^^^^^^^^^^^^^^^^^
../../.pyenv/versions/3.11.11/lib/python3.11/unittest/mock.py:1419: in get_original
    raise AttributeError(
E   AttributeError: &lt;module 'src.dev_guard.memory.vector_db' from '/Users/bretbouchard/apps/dev_guard/src/dev_guard/memory/vector_db.py'&gt; does not have the attribute 'SentenceTransformer'</error></testcase><testcase classname="tests.test_vector_database_system.TestVectorDatabase" name="test_add_multiple_documents" time="0.001"><error message="failed on setup with &quot;AttributeError: &lt;module 'src.dev_guard.memory.vector_db' from '/Users/bretbouchard/apps/dev_guard/src/dev_guard/memory/vector_db.py'&gt; does not have the attribute 'SentenceTransformer'&quot;">tests/test_vector_database_system.py:60: in vector_database
    with patch('src.dev_guard.memory.vector_db.chromadb'), \
../../.pyenv/versions/3.11.11/lib/python3.11/unittest/mock.py:1446: in __enter__
    original, local = self.get_original()
                      ^^^^^^^^^^^^^^^^^^^
../../.pyenv/versions/3.11.11/lib/python3.11/unittest/mock.py:1419: in get_original
    raise AttributeError(
E   AttributeError: &lt;module 'src.dev_guard.memory.vector_db' from '/Users/bretbouchard/apps/dev_guard/src/dev_guard/memory/vector_db.py'&gt; does not have the attribute 'SentenceTransformer'</error></testcase><testcase classname="tests.test_vector_database_system.TestVectorDatabase" name="test_search_documents" time="0.001"><error message="failed on setup with &quot;AttributeError: &lt;module 'src.dev_guard.memory.vector_db' from '/Users/bretbouchard/apps/dev_guard/src/dev_guard/memory/vector_db.py'&gt; does not have the attribute 'SentenceTransformer'&quot;">tests/test_vector_database_system.py:60: in vector_database
    with patch('src.dev_guard.memory.vector_db.chromadb'), \
../../.pyenv/versions/3.11.11/lib/python3.11/unittest/mock.py:1446: in __enter__
    original, local = self.get_original()
                      ^^^^^^^^^^^^^^^^^^^
../../.pyenv/versions/3.11.11/lib/python3.11/unittest/mock.py:1419: in get_original
    raise AttributeError(
E   AttributeError: &lt;module 'src.dev_guard.memory.vector_db' from '/Users/bretbouchard/apps/dev_guard/src/dev_guard/memory/vector_db.py'&gt; does not have the attribute 'SentenceTransformer'</error></testcase><testcase classname="tests.test_vector_database_system.TestVectorDatabase" name="test_search_by_metadata" time="0.001"><error message="failed on setup with &quot;AttributeError: &lt;module 'src.dev_guard.memory.vector_db' from '/Users/bretbouchard/apps/dev_guard/src/dev_guard/memory/vector_db.py'&gt; does not have the attribute 'SentenceTransformer'&quot;">tests/test_vector_database_system.py:60: in vector_database
    with patch('src.dev_guard.memory.vector_db.chromadb'), \
../../.pyenv/versions/3.11.11/lib/python3.11/unittest/mock.py:1446: in __enter__
    original, local = self.get_original()
                      ^^^^^^^^^^^^^^^^^^^
../../.pyenv/versions/3.11.11/lib/python3.11/unittest/mock.py:1419: in get_original
    raise AttributeError(
E   AttributeError: &lt;module 'src.dev_guard.memory.vector_db' from '/Users/bretbouchard/apps/dev_guard/src/dev_guard/memory/vector_db.py'&gt; does not have the attribute 'SentenceTransformer'</error></testcase><testcase classname="tests.test_vector_database_system.TestVectorDatabase" name="test_get_document_by_id" time="0.001"><error message="failed on setup with &quot;AttributeError: &lt;module 'src.dev_guard.memory.vector_db' from '/Users/bretbouchard/apps/dev_guard/src/dev_guard/memory/vector_db.py'&gt; does not have the attribute 'SentenceTransformer'&quot;">tests/test_vector_database_system.py:60: in vector_database
    with patch('src.dev_guard.memory.vector_db.chromadb'), \
../../.pyenv/versions/3.11.11/lib/python3.11/unittest/mock.py:1446: in __enter__
    original, local = self.get_original()
                      ^^^^^^^^^^^^^^^^^^^
../../.pyenv/versions/3.11.11/lib/python3.11/unittest/mock.py:1419: in get_original
    raise AttributeError(
E   AttributeError: &lt;module 'src.dev_guard.memory.vector_db' from '/Users/bretbouchard/apps/dev_guard/src/dev_guard/memory/vector_db.py'&gt; does not have the attribute 'SentenceTransformer'</error></testcase><testcase classname="tests.test_vector_database_system.TestVectorDatabase" name="test_delete_document" time="0.001"><error message="failed on setup with &quot;AttributeError: &lt;module 'src.dev_guard.memory.vector_db' from '/Users/bretbouchard/apps/dev_guard/src/dev_guard/memory/vector_db.py'&gt; does not have the attribute 'SentenceTransformer'&quot;">tests/test_vector_database_system.py:60: in vector_database
    with patch('src.dev_guard.memory.vector_db.chromadb'), \
../../.pyenv/versions/3.11.11/lib/python3.11/unittest/mock.py:1446: in __enter__
    original, local = self.get_original()
                      ^^^^^^^^^^^^^^^^^^^
../../.pyenv/versions/3.11.11/lib/python3.11/unittest/mock.py:1419: in get_original
    raise AttributeError(
E   AttributeError: &lt;module 'src.dev_guard.memory.vector_db' from '/Users/bretbouchard/apps/dev_guard/src/dev_guard/memory/vector_db.py'&gt; does not have the attribute 'SentenceTransformer'</error></testcase><testcase classname="tests.test_vector_database_system.TestVectorDatabase" name="test_update_document" time="0.001"><error message="failed on setup with &quot;AttributeError: &lt;module 'src.dev_guard.memory.vector_db' from '/Users/bretbouchard/apps/dev_guard/src/dev_guard/memory/vector_db.py'&gt; does not have the attribute 'SentenceTransformer'&quot;">tests/test_vector_database_system.py:60: in vector_database
    with patch('src.dev_guard.memory.vector_db.chromadb'), \
../../.pyenv/versions/3.11.11/lib/python3.11/unittest/mock.py:1446: in __enter__
    original, local = self.get_original()
                      ^^^^^^^^^^^^^^^^^^^
../../.pyenv/versions/3.11.11/lib/python3.11/unittest/mock.py:1419: in get_original
    raise AttributeError(
E   AttributeError: &lt;module 'src.dev_guard.memory.vector_db' from '/Users/bretbouchard/apps/dev_guard/src/dev_guard/memory/vector_db.py'&gt; does not have the attribute 'SentenceTransformer'</error></testcase><testcase classname="tests.test_vector_database_system.TestVectorDatabase" name="test_get_collection_stats" time="0.001"><error message="failed on setup with &quot;AttributeError: &lt;module 'src.dev_guard.memory.vector_db' from '/Users/bretbouchard/apps/dev_guard/src/dev_guard/memory/vector_db.py'&gt; does not have the attribute 'SentenceTransformer'&quot;">tests/test_vector_database_system.py:60: in vector_database
    with patch('src.dev_guard.memory.vector_db.chromadb'), \
../../.pyenv/versions/3.11.11/lib/python3.11/unittest/mock.py:1446: in __enter__
    original, local = self.get_original()
                      ^^^^^^^^^^^^^^^^^^^
../../.pyenv/versions/3.11.11/lib/python3.11/unittest/mock.py:1419: in get_original
    raise AttributeError(
E   AttributeError: &lt;module 'src.dev_guard.memory.vector_db' from '/Users/bretbouchard/apps/dev_guard/src/dev_guard/memory/vector_db.py'&gt; does not have the attribute 'SentenceTransformer'</error></testcase><testcase classname="tests.test_vector_database_system.TestVectorDatabase" name="test_chunk_text" time="0.001"><error message="failed on setup with &quot;AttributeError: &lt;module 'src.dev_guard.memory.vector_db' from '/Users/bretbouchard/apps/dev_guard/src/dev_guard/memory/vector_db.py'&gt; does not have the attribute 'SentenceTransformer'&quot;">tests/test_vector_database_system.py:60: in vector_database
    with patch('src.dev_guard.memory.vector_db.chromadb'), \
../../.pyenv/versions/3.11.11/lib/python3.11/unittest/mock.py:1446: in __enter__
    original, local = self.get_original()
                      ^^^^^^^^^^^^^^^^^^^
../../.pyenv/versions/3.11.11/lib/python3.11/unittest/mock.py:1419: in get_original
    raise AttributeError(
E   AttributeError: &lt;module 'src.dev_guard.memory.vector_db' from '/Users/bretbouchard/apps/dev_guard/src/dev_guard/memory/vector_db.py'&gt; does not have the attribute 'SentenceTransformer'</error></testcase><testcase classname="tests.test_vector_database_system.TestVectorDatabase" name="test_embedding_generation" time="0.001"><error message="failed on setup with &quot;AttributeError: &lt;module 'src.dev_guard.memory.vector_db' from '/Users/bretbouchard/apps/dev_guard/src/dev_guard/memory/vector_db.py'&gt; does not have the attribute 'SentenceTransformer'&quot;">tests/test_vector_database_system.py:60: in vector_database
    with patch('src.dev_guard.memory.vector_db.chromadb'), \
../../.pyenv/versions/3.11.11/lib/python3.11/unittest/mock.py:1446: in __enter__
    original, local = self.get_original()
                      ^^^^^^^^^^^^^^^^^^^
../../.pyenv/versions/3.11.11/lib/python3.11/unittest/mock.py:1419: in get_original
    raise AttributeError(
E   AttributeError: &lt;module 'src.dev_guard.memory.vector_db' from '/Users/bretbouchard/apps/dev_guard/src/dev_guard/memory/vector_db.py'&gt; does not have the attribute 'SentenceTransformer'</error></testcase><testcase classname="tests.test_vector_database_system.TestVectorDatabase" name="test_error_handling" time="0.001"><error message="failed on setup with &quot;AttributeError: &lt;module 'src.dev_guard.memory.vector_db' from '/Users/bretbouchard/apps/dev_guard/src/dev_guard/memory/vector_db.py'&gt; does not have the attribute 'SentenceTransformer'&quot;">tests/test_vector_database_system.py:60: in vector_database
    with patch('src.dev_guard.memory.vector_db.chromadb'), \
../../.pyenv/versions/3.11.11/lib/python3.11/unittest/mock.py:1446: in __enter__
    original, local = self.get_original()
                      ^^^^^^^^^^^^^^^^^^^
../../.pyenv/versions/3.11.11/lib/python3.11/unittest/mock.py:1419: in get_original
    raise AttributeError(
E   AttributeError: &lt;module 'src.dev_guard.memory.vector_db' from '/Users/bretbouchard/apps/dev_guard/src/dev_guard/memory/vector_db.py'&gt; does not have the attribute 'SentenceTransformer'</error></testcase><testcase classname="tests.test_vector_database_system.TestVectorDatabase" name="test_batch_operations" time="0.001"><error message="failed on setup with &quot;AttributeError: &lt;module 'src.dev_guard.memory.vector_db' from '/Users/bretbouchard/apps/dev_guard/src/dev_guard/memory/vector_db.py'&gt; does not have the attribute 'SentenceTransformer'&quot;">tests/test_vector_database_system.py:60: in vector_database
    with patch('src.dev_guard.memory.vector_db.chromadb'), \
../../.pyenv/versions/3.11.11/lib/python3.11/unittest/mock.py:1446: in __enter__
    original, local = self.get_original()
                      ^^^^^^^^^^^^^^^^^^^
../../.pyenv/versions/3.11.11/lib/python3.11/unittest/mock.py:1419: in get_original
    raise AttributeError(
E   AttributeError: &lt;module 'src.dev_guard.memory.vector_db' from '/Users/bretbouchard/apps/dev_guard/src/dev_guard/memory/vector_db.py'&gt; does not have the attribute 'SentenceTransformer'</error></testcase><testcase classname="tests.test_vector_database_system.TestFileIngestion" name="test_ingest_file" time="0.002"><error message="failed on setup with &quot;AttributeError: &lt;module 'src.dev_guard.memory.vector_db' from '/Users/bretbouchard/apps/dev_guard/src/dev_guard/memory/vector_db.py'&gt; does not have the attribute 'SentenceTransformer'&quot;">tests/test_vector_database_system.py:60: in vector_database
    with patch('src.dev_guard.memory.vector_db.chromadb'), \
../../.pyenv/versions/3.11.11/lib/python3.11/unittest/mock.py:1446: in __enter__
    original, local = self.get_original()
                      ^^^^^^^^^^^^^^^^^^^
../../.pyenv/versions/3.11.11/lib/python3.11/unittest/mock.py:1419: in get_original
    raise AttributeError(
E   AttributeError: &lt;module 'src.dev_guard.memory.vector_db' from '/Users/bretbouchard/apps/dev_guard/src/dev_guard/memory/vector_db.py'&gt; does not have the attribute 'SentenceTransformer'</error></testcase><testcase classname="tests.test_vector_database_system.TestFileIngestion" name="test_ingest_directory" time="0.002"><error message="failed on setup with &quot;AttributeError: &lt;module 'src.dev_guard.memory.vector_db' from '/Users/bretbouchard/apps/dev_guard/src/dev_guard/memory/vector_db.py'&gt; does not have the attribute 'SentenceTransformer'&quot;">tests/test_vector_database_system.py:60: in vector_database
    with patch('src.dev_guard.memory.vector_db.chromadb'), \
../../.pyenv/versions/3.11.11/lib/python3.11/unittest/mock.py:1446: in __enter__
    original, local = self.get_original()
                      ^^^^^^^^^^^^^^^^^^^
../../.pyenv/versions/3.11.11/lib/python3.11/unittest/mock.py:1419: in get_original
    raise AttributeError(
E   AttributeError: &lt;module 'src.dev_guard.memory.vector_db' from '/Users/bretbouchard/apps/dev_guard/src/dev_guard/memory/vector_db.py'&gt; does not have the attribute 'SentenceTransformer'</error></testcase><testcase classname="tests.test_vector_database_system.TestFileIngestion" name="test_incremental_file_updates" time="0.001"><error message="failed on setup with &quot;AttributeError: &lt;module 'src.dev_guard.memory.vector_db' from '/Users/bretbouchard/apps/dev_guard/src/dev_guard/memory/vector_db.py'&gt; does not have the attribute 'SentenceTransformer'&quot;">tests/test_vector_database_system.py:60: in vector_database
    with patch('src.dev_guard.memory.vector_db.chromadb'), \
../../.pyenv/versions/3.11.11/lib/python3.11/unittest/mock.py:1446: in __enter__
    original, local = self.get_original()
                      ^^^^^^^^^^^^^^^^^^^
../../.pyenv/versions/3.11.11/lib/python3.11/unittest/mock.py:1419: in get_original
    raise AttributeError(
E   AttributeError: &lt;module 'src.dev_guard.memory.vector_db' from '/Users/bretbouchard/apps/dev_guard/src/dev_guard/memory/vector_db.py'&gt; does not have the attribute 'SentenceTransformer'</error></testcase><testcase classname="tests.test_vector_database_system.TestFileIngestion" name="test_code_specific_search" time="0.002"><error message="failed on setup with &quot;AttributeError: &lt;module 'src.dev_guard.memory.vector_db' from '/Users/bretbouchard/apps/dev_guard/src/dev_guard/memory/vector_db.py'&gt; does not have the attribute 'SentenceTransformer'&quot;">tests/test_vector_database_system.py:60: in vector_database
    with patch('src.dev_guard.memory.vector_db.chromadb'), \
../../.pyenv/versions/3.11.11/lib/python3.11/unittest/mock.py:1446: in __enter__
    original, local = self.get_original()
                      ^^^^^^^^^^^^^^^^^^^
../../.pyenv/versions/3.11.11/lib/python3.11/unittest/mock.py:1419: in get_original
    raise AttributeError(
E   AttributeError: &lt;module 'src.dev_guard.memory.vector_db' from '/Users/bretbouchard/apps/dev_guard/src/dev_guard/memory/vector_db.py'&gt; does not have the attribute 'SentenceTransformer'</error></testcase><testcase classname="tests.test_vector_database_system.TestVectorDatabaseIntegration" name="test_end_to_end_workflow" time="0.001"><error message="failed on setup with &quot;AttributeError: &lt;module 'src.dev_guard.memory.vector_db' from '/Users/bretbouchard/apps/dev_guard/src/dev_guard/memory/vector_db.py'&gt; does not have the attribute 'SentenceTransformer'&quot;">tests/test_vector_database_system.py:60: in vector_database
    with patch('src.dev_guard.memory.vector_db.chromadb'), \
../../.pyenv/versions/3.11.11/lib/python3.11/unittest/mock.py:1446: in __enter__
    original, local = self.get_original()
                      ^^^^^^^^^^^^^^^^^^^
../../.pyenv/versions/3.11.11/lib/python3.11/unittest/mock.py:1419: in get_original
    raise AttributeError(
E   AttributeError: &lt;module 'src.dev_guard.memory.vector_db' from '/Users/bretbouchard/apps/dev_guard/src/dev_guard/memory/vector_db.py'&gt; does not have the attribute 'SentenceTransformer'</error></testcase><testcase classname="tests.test_vector_database_system.TestVectorDatabaseIntegration" name="test_knowledge_retrieval_patterns" time="0.001"><error message="failed on setup with &quot;AttributeError: &lt;module 'src.dev_guard.memory.vector_db' from '/Users/bretbouchard/apps/dev_guard/src/dev_guard/memory/vector_db.py'&gt; does not have the attribute 'SentenceTransformer'&quot;">tests/test_vector_database_system.py:60: in vector_database
    with patch('src.dev_guard.memory.vector_db.chromadb'), \
../../.pyenv/versions/3.11.11/lib/python3.11/unittest/mock.py:1446: in __enter__
    original, local = self.get_original()
                      ^^^^^^^^^^^^^^^^^^^
../../.pyenv/versions/3.11.11/lib/python3.11/unittest/mock.py:1419: in get_original
    raise AttributeError(
E   AttributeError: &lt;module 'src.dev_guard.memory.vector_db' from '/Users/bretbouchard/apps/dev_guard/src/dev_guard/memory/vector_db.py'&gt; does not have the attribute 'SentenceTransformer'</error></testcase><testcase classname="tests.test_vector_database_system.TestVectorDatabaseMocks" name="test_mock_chroma_integration" time="0.001"><failure message="AttributeError: &lt;module 'src.dev_guard.memory.vector_db' from '/Users/bretbouchard/apps/dev_guard/src/dev_guard/memory/vector_db.py'&gt; does not have the attribute 'SentenceTransformer'">tests/test_vector_database_system.py:661: in test_mock_chroma_integration
    with patch('src.dev_guard.memory.vector_db.chromadb') as mock_chromadb, \
../../.pyenv/versions/3.11.11/lib/python3.11/unittest/mock.py:1446: in __enter__
    original, local = self.get_original()
                      ^^^^^^^^^^^^^^^^^^^
../../.pyenv/versions/3.11.11/lib/python3.11/unittest/mock.py:1419: in get_original
    raise AttributeError(
E   AttributeError: &lt;module 'src.dev_guard.memory.vector_db' from '/Users/bretbouchard/apps/dev_guard/src/dev_guard/memory/vector_db.py'&gt; does not have the attribute 'SentenceTransformer'</failure></testcase><testcase classname="tests.test_vector_database_system.TestVectorDatabaseMocks" name="test_mock_embedding_operations" time="0.000" /><testcase classname="tests.test_vector_database_system.TestVectorDatabaseMocks" name="test_mock_search_operations" time="0.000" /><testcase classname="tests.unit.test_base_agent.TestBaseAgentInitialization" name="test_initialization" time="0.003" /><testcase classname="tests.unit.test_base_agent.TestBaseAgentInitialization" name="test_agent_config_access" time="0.003" /><testcase classname="tests.unit.test_base_agent.TestBaseAgentExecution" name="test_execute_with_retry_success" time="0.004" /><testcase classname="tests.unit.test_base_agent.TestBaseAgentExecution" name="test_execute_with_retry_timeout" time="0.310" /><testcase classname="tests.unit.test_base_agent.TestBaseAgentExecution" name="test_execute_with_retry_exception" time="0.214" /><testcase classname="tests.unit.test_base_agent.TestBaseAgentExecution" name="test_execute_with_retry_success_after_failure" time="0.208" /><testcase classname="tests.unit.test_base_agent.TestBaseAgentMemoryLogging" name="test_log_observation" time="0.005" /><testcase classname="tests.unit.test_base_agent.TestBaseAgentMemoryLogging" name="test_log_decision" time="0.004" /><testcase classname="tests.unit.test_base_agent.TestBaseAgentMemoryLogging" name="test_log_result" time="0.005" /><testcase classname="tests.unit.test_base_agent.TestBaseAgentMemoryLogging" name="test_get_recent_memories" time="0.004" /><testcase classname="tests.unit.test_base_agent.TestBaseAgentMemoryLogging" name="test_get_recent_memories_include_other_agents" time="0.004" /><testcase classname="tests.unit.test_base_agent.TestBaseAgentKnowledgeSearch" name="test_search_knowledge" time="0.004" /><testcase classname="tests.unit.test_base_agent.TestBaseAgentKnowledgeSearch" name="test_search_code" time="0.004" /><testcase classname="tests.unit.test_base_agent.TestBaseAgentKnowledgeSearch" name="test_get_repository_files" time="0.004" /><testcase classname="tests.unit.test_base_agent.TestBaseAgentStateManagement" name="test_update_heartbeat" time="0.004" /><testcase classname="tests.unit.test_base_agent.TestBaseAgentStateManagement" name="test_update_heartbeat_no_existing_state" time="0.003" /><testcase classname="tests.unit.test_base_agent.TestBaseAgentStateManagement" name="test_set_status" time="0.005" /><testcase classname="tests.unit.test_base_agent.TestBaseAgentTaskManagement" name="test_create_task" time="0.004" /><testcase classname="tests.unit.test_base_agent.TestBaseAgentTaskManagement" name="test_create_task_default_target" time="0.004" /><testcase classname="tests.unit.test_base_agent.TestBaseAgentTaskManagement" name="test_get_pending_tasks" time="0.004" /><testcase classname="tests.unit.test_base_agent.TestBaseAgentTaskManagement" name="test_update_task_status" time="0.004" /><testcase classname="tests.unit.test_base_agent.TestBaseAgentTaskManagement" name="test_update_task_status_failure" time="0.003" /><testcase classname="tests.unit.test_base_agent.TestBaseAgentCommandExecution" name="test_execute_command_success" time="0.006" /><testcase classname="tests.unit.test_base_agent.TestBaseAgentCommandExecution" name="test_execute_command_failure" time="0.007" /><testcase classname="tests.unit.test_base_agent.TestBaseAgentCommandExecution" name="test_execute_command_timeout" time="0.006" /><testcase classname="tests.unit.test_base_agent.TestBaseAgentCommandExecution" name="test_execute_command_with_cwd" time="0.006" /><testcase classname="tests.unit.test_base_agent.TestBaseAgentCommandExecution" name="test_execute_command_exception" time="0.005" /><testcase classname="tests.unit.test_base_agent.TestBaseAgentConfiguration" name="test_get_custom_instructions" time="0.004" /><testcase classname="tests.unit.test_base_agent.TestBaseAgentConfiguration" name="test_is_enabled" time="0.003" /><testcase classname="tests.unit.test_base_agent.TestBaseAgentConfiguration" name="test_is_disabled" time="0.003" /><testcase classname="tests.unit.test_base_agent.TestBaseAgentErrorHandling" name="test_log_error_with_exception" time="0.003" /><testcase classname="tests.unit.test_base_agent.TestBaseAgentErrorHandling" name="test_log_error_without_exception" time="0.005" /><testcase classname="tests.unit.test_base_agent.TestBaseAgentErrorHandling" name="test_log_error_with_pydantic_state" time="0.004" /><testcase classname="tests.unit.test_base_agent.TestBaseAgentIntegration" name="test_full_workflow" time="0.004" /><testcase classname="tests.unit.test_base_agent.TestBaseAgentIntegration" name="test_memory_entry_validation" time="0.003" /><testcase classname="tests.unit.test_base_agent.TestBaseAgentIntegration" name="test_task_creation_validation" time="0.003" /><testcase classname="tests.unit.test_base_agent.TestBaseAgentEnhancedStateManagement" name="test_get_agent_state" time="0.003" /><testcase classname="tests.unit.test_base_agent.TestBaseAgentEnhancedStateManagement" name="test_get_all_agent_states" time="0.004" /><testcase classname="tests.unit.test_base_agent.TestBaseAgentEnhancedStateManagement" name="test_get_active_agents" time="0.004" /><testcase classname="tests.unit.test_base_agent.TestBaseAgentEnhancedStateManagement" name="test_get_available_agents" time="0.003" /><testcase classname="tests.unit.test_base_agent.TestBaseAgentEnhancedStateManagement" name="test_update_agent_metadata" time="0.003" /><testcase classname="tests.unit.test_base_agent.TestBaseAgentEnhancedStateManagement" name="test_get_agent_capabilities" time="0.003" /><testcase classname="tests.unit.test_base_agent.TestBaseAgentEnhancedStateManagement" name="test_check_agent_health_healthy" time="0.003" /><testcase classname="tests.unit.test_base_agent.TestBaseAgentEnhancedStateManagement" name="test_check_agent_health_unhealthy" time="0.003" /><testcase classname="tests.unit.test_base_agent.TestBaseAgentEnhancedStateManagement" name="test_check_agent_health_error_state" time="0.003" /><testcase classname="tests.unit.test_base_agent.TestBaseAgentEnhancedTaskManagement" name="test_get_all_tasks" time="0.004" /><testcase classname="tests.unit.test_base_agent.TestBaseAgentEnhancedTaskManagement" name="test_get_all_tasks_filtered" time="0.004" /><testcase classname="tests.unit.test_base_agent.TestBaseAgentEnhancedTaskManagement" name="test_get_task_by_id" time="0.003" /><testcase classname="tests.unit.test_base_agent.TestBaseAgentEnhancedTaskManagement" name="test_assign_task_to_self_success" time="0.003" /><testcase classname="tests.unit.test_base_agent.TestBaseAgentEnhancedTaskManagement" name="test_assign_task_to_self_not_found" time="0.004" /><testcase classname="tests.unit.test_base_agent.TestBaseAgentEnhancedTaskManagement" name="test_complete_current_task_success" time="0.004" /><testcase classname="tests.unit.test_base_agent.TestBaseAgentEnhancedTaskManagement" name="test_complete_current_task_no_current_task" time="0.003" /><testcase classname="tests.unit.test_base_agent.TestBaseAgentEnhancedTaskManagement" name="test_fail_current_task_success" time="0.003" /><testcase classname="tests.unit.test_base_agent.TestBaseAgentEnhancedTaskManagement" name="test_cancel_task_success" time="0.004" /><testcase classname="tests.unit.test_base_agent.TestBaseAgentEnhancedTaskManagement" name="test_cancel_task_without_reason" time="0.004" /><testcase classname="tests.unit.test_base_agent.TestBaseAgentEnhancedTaskManagement" name="test_get_task_dependencies" time="0.004" /><testcase classname="tests.unit.test_base_agent.TestBaseAgentEnhancedTaskManagement" name="test_get_task_dependencies_none" time="0.003" /><testcase classname="tests.unit.test_base_agent.TestBaseAgentEnhancedTaskManagement" name="test_check_task_dependencies_completed" time="0.004" /><testcase classname="tests.unit.test_base_agent.TestBaseAgentEnhancedTaskManagement" name="test_check_task_dependencies_not_completed" time="0.004" /><testcase classname="tests.unit.test_base_agent.TestBaseAgentEnhancedTaskManagement" name="test_create_dependent_task_success" time="0.003" /><testcase classname="tests.unit.test_base_agent.TestBaseAgentEnhancedTaskManagement" name="test_create_dependent_task_invalid_dependency" time="0.003" /><testcase classname="tests.unit.test_base_agent.TestBaseAgentEnhancedTaskManagement" name="test_get_tasks_by_status" time="0.004" /><testcase classname="tests.unit.test_base_agent.TestBaseAgentEnhancedTaskManagement" name="test_get_task_history" time="0.003" /><testcase classname="tests.unit.test_code_agent.TestCodeAgent" name="test_code_agent_initialization" time="0.003" /><testcase classname="tests.unit.test_code_agent.TestCodeAgent" name="test_goose_cli_not_found" time="0.003" /><testcase classname="tests.unit.test_code_agent.TestCodeAgent" name="test_execute_with_dict_state" time="0.007" /><testcase classname="tests.unit.test_code_agent.TestCodeAgent" name="test_execute_with_string_state" time="0.005" /><testcase classname="tests.unit.test_code_agent.TestCodeAgent" name="test_execute_error_handling" time="0.006" /><testcase classname="tests.unit.test_code_agent.TestCodeAgent" name="test_generate_code" time="0.007" /><testcase classname="tests.unit.test_code_agent.TestCodeAgent" name="test_fix_code" time="0.004" /><testcase classname="tests.unit.test_code_agent.TestCodeAgent" name="test_write_tests" time="0.004" /><testcase classname="tests.unit.test_code_agent.TestCodeAgent" name="test_refactor_code" time="0.007" /><testcase classname="tests.unit.test_code_agent.TestCodeAgent" name="test_run_goose_session" time="0.004" /><testcase classname="tests.unit.test_code_agent.TestCodeAgent" name="test_run_goose_command_success" time="0.005" /><testcase classname="tests.unit.test_code_agent.TestCodeAgent" name="test_run_goose_command_failure" time="0.005" /><testcase classname="tests.unit.test_code_agent.TestCodeAgent" name="test_run_goose_command_exception" time="0.005" /><testcase classname="tests.unit.test_code_agent.TestCodeAgent" name="test_parse_state_for_task_string" time="0.003" /><testcase classname="tests.unit.test_code_agent.TestCodeAgent" name="test_parse_state_for_task_dict" time="0.004" /><testcase classname="tests.unit.test_code_agent.TestCodeAgent" name="test_parse_state_for_task_invalid" time="0.003" /><testcase classname="tests.unit.test_code_agent.TestCodeAgent" name="test_log_goose_result" time="0.003" /><testcase classname="tests.unit.test_code_agent.TestCodeAgent" name="test_get_capabilities" time="0.003" /><testcase classname="tests.unit.test_code_agent.TestCodeAgent" name="test_execute_task_types" time="0.006" /><testcase classname="tests.unit.test_code_agent.TestCodeAgent" name="test_session_id_generation" time="0.005" /><testcase classname="tests.unit.test_code_agent.TestCodeAgent" name="test_working_directory_handling" time="0.005" /><testcase classname="tests.unit.test_code_agent.TestCodeAgentQualityIntegration" name="test_format_code_success" time="0.004" /><testcase classname="tests.unit.test_code_agent.TestCodeAgentQualityIntegration" name="test_format_code_file_not_exists" time="0.004" /><testcase classname="tests.unit.test_code_agent.TestCodeAgentQualityIntegration" name="test_format_code_partial_failure" time="0.005" /><testcase classname="tests.unit.test_code_agent.TestCodeAgentQualityIntegration" name="test_lint_code_success" time="0.005" /><testcase classname="tests.unit.test_code_agent.TestCodeAgentQualityIntegration" name="test_lint_code_no_issues" time="0.004" /><testcase classname="tests.unit.test_code_agent.TestCodeAgentQualityIntegration" name="test_quality_check_and_format_complete_pipeline" time="0.005" /><testcase classname="tests.unit.test_code_agent.TestCodeAgentQualityIntegration" name="test_quality_check_and_format_no_auto_fix" time="0.004" /><testcase classname="tests.unit.test_code_agent.TestCodeAgentQualityIntegration" name="test_auto_fix_issues" time="0.005" /><testcase classname="tests.unit.test_code_agent.TestCodeAgentQualityIntegration" name="test_generate_code_with_quality_integration" time="0.006" /><testcase classname="tests.unit.test_code_agent.TestCodeAgentQualityIntegration" name="test_fix_code_with_quality_integration" time="0.005" /><testcase classname="tests.unit.test_code_agent.TestCodeAgentQualityIntegration" name="test_refactor_code_with_quality_integration" time="0.006" /><testcase classname="tests.unit.test_code_agent.TestCodeAgentQualityIntegration" name="test_updated_capabilities" time="0.002" /><testcase classname="tests.unit.test_code_agent.TestCodeAgentASTIntegration" name="test_analyze_code_structure" time="0.007" /><testcase classname="tests.unit.test_code_agent.TestCodeAgentASTIntegration" name="test_analyze_code_structure_file_not_exists" time="0.004" /><testcase classname="tests.unit.test_code_agent.TestCodeAgentASTIntegration" name="test_analyze_code_structure_syntax_error" time="0.005" /><testcase classname="tests.unit.test_code_agent.TestCodeAgentASTIntegration" name="test_search_similar_patterns" time="0.004" /><testcase classname="tests.unit.test_code_agent.TestCodeAgentASTIntegration" name="test_search_similar_patterns_goose_fallback_to_vector" time="0.006" /><testcase classname="tests.unit.test_code_agent.TestCodeAgentASTIntegration" name="test_search_goose_memory" time="0.004" /><testcase classname="tests.unit.test_code_agent.TestCodeAgentASTIntegration" name="test_calculate_structural_similarity" time="0.003" /><testcase classname="tests.unit.test_code_agent.TestCodeAgentASTIntegration" name="test_generate_code_with_pattern_integration" time="0.006" /><testcase classname="tests.unit.test_code_agent.TestCodeAgentASTIntegration" name="test_refactor_code_with_impact_analysis" time="0.006" /><testcase classname="tests.unit.test_code_agent.TestCodeAgentASTIntegration" name="test_analyze_refactoring_impact" time="0.004" /><testcase classname="tests.unit.test_code_agent.TestCodeAgentASTIntegration" name="test_build_pattern_context" time="0.003" /><testcase classname="tests.unit.test_commander_agent.TestCommanderAgent" name="test_commander_initialization" time="0.004" /><testcase classname="tests.unit.test_commander_agent.TestCommanderAgent" name="test_agent_health_check_all_healthy" time="0.005" /><testcase classname="tests.unit.test_commander_agent.TestCommanderAgent" name="test_agent_health_check_with_unhealthy_agents" time="0.005" /><testcase classname="tests.unit.test_commander_agent.TestCommanderAgent" name="test_handle_unhealthy_agents" time="0.004" /><testcase classname="tests.unit.test_commander_agent.TestCommanderAgent" name="test_process_notifications_no_critical_errors" time="0.005" /><testcase classname="tests.unit.test_commander_agent.TestCommanderAgent" name="test_process_notifications_with_critical_errors" time="0.005" /><testcase classname="tests.unit.test_commander_agent.TestCommanderAgent" name="test_evaluate_system_status" time="0.005" /><testcase classname="tests.unit.test_commander_agent.TestCommanderAgent" name="test_decide_next_action_with_failed_tasks" time="0.004" /><testcase classname="tests.unit.test_commander_agent.TestCommanderAgent" name="test_decide_next_action_with_many_pending_tasks" time="0.004" /><testcase classname="tests.unit.test_commander_agent.TestCommanderAgent" name="test_decide_next_action_with_low_vector_docs" time="0.004" /><testcase classname="tests.unit.test_commander_agent.TestCommanderAgent" name="test_decide_next_action_with_low_success_rate" time="0.004" /><testcase classname="tests.unit.test_commander_agent.TestCommanderAgent" name="test_decide_next_action_healthy_system" time="0.004" /><testcase classname="tests.unit.test_commander_agent.TestCommanderAgent" name="test_categorize_request[implement a new function-code_generation]" time="0.005" /><testcase classname="tests.unit.test_commander_agent.TestCommanderAgent" name="test_categorize_request[write some code for auth-code_generation]" time="0.004" /><testcase classname="tests.unit.test_commander_agent.TestCommanderAgent" name="test_categorize_request[create a class for user management-code_generation]" time="0.004" /><testcase classname="tests.unit.test_commander_agent.TestCommanderAgent" name="test_categorize_request[update the README file-documentation]" time="0.004" /><testcase classname="tests.unit.test_commander_agent.TestCommanderAgent" name="test_categorize_request[add docs for this module-documentation]" time="0.004" /><testcase classname="tests.unit.test_commander_agent.TestCommanderAgent" name="test_categorize_request[analyze the impact of this change-analysis]" time="0.004" /><testcase classname="tests.unit.test_commander_agent.TestCommanderAgent" name="test_categorize_request[check dependencies for this repo-analysis]" time="0.004" /><testcase classname="tests.unit.test_commander_agent.TestCommanderAgent" name="test_categorize_request[run tests for the project-testing]" time="0.005" /><testcase classname="tests.unit.test_commander_agent.TestCommanderAgent" name="test_categorize_request[perform quality checks-testing]" time="0.004" /><testcase classname="tests.unit.test_commander_agent.TestCommanderAgent" name="test_categorize_request[help me with something-general]" time="0.004" /><testcase classname="tests.unit.test_commander_agent.TestCommanderAgent" name="test_handle_user_request_code_generation" time="0.005" /><testcase classname="tests.unit.test_commander_agent.TestCommanderAgent" name="test_handle_user_request_with_context" time="0.005" /><testcase classname="tests.unit.test_commander_agent.TestCommanderAgent" name="test_get_system_overview" time="0.005" /><testcase classname="tests.unit.test_commander_agent.TestCommanderAgent" name="test_execute_full_cycle" time="0.008" /><testcase classname="tests.unit.test_commander_agent.TestCommanderAgent" name="test_execute_with_error" time="0.007" /><testcase classname="tests.unit.test_config.TestLLMConfig" name="test_default_config" time="0.000" /><testcase classname="tests.unit.test_config.TestLLMConfig" name="test_temperature_validation" time="0.000" /><testcase classname="tests.unit.test_config.TestLLMConfig" name="test_max_tokens_validation" time="0.000" /><testcase classname="tests.unit.test_config.TestLLMConfig" name="test_base_url_validation" time="0.000" /><testcase classname="tests.unit.test_config.TestLLMConfig" name="test_api_key_environment_override" time="0.001" /><testcase classname="tests.unit.test_config.TestLLMConfig" name="test_effective_base_url" time="0.001" /><testcase classname="tests.unit.test_config.TestVectorDBConfig" name="test_default_config" time="0.000" /><testcase classname="tests.unit.test_config.TestVectorDBConfig" name="test_chunk_overlap_validation" time="0.000" /><testcase classname="tests.unit.test_config.TestVectorDBConfig" name="test_collection_name_validation" time="0.000" /><testcase classname="tests.unit.test_config.TestVectorDBConfig" name="test_path_creation" time="0.001" /><testcase classname="tests.unit.test_config.TestDatabaseConfig" name="test_default_config" time="0.000" /><testcase classname="tests.unit.test_config.TestDatabaseConfig" name="test_sqlite_url_validation" time="0.000" /><testcase classname="tests.unit.test_config.TestDatabaseConfig" name="test_postgresql_url_validation" time="0.000" /><testcase classname="tests.unit.test_config.TestDatabaseConfig" name="test_effective_url_environment_override" time="0.001"><failure message="AttributeError: 'DatabaseConfig' object has no attribute 'get_effective_url'">tests/unit/test_config.py:189: in test_effective_url_environment_override
    assert config.get_effective_url() == "postgresql://env-url"
           ^^^^^^^^^^^^^^^^^^^^^^^^
.venv/lib/python3.11/site-packages/pydantic/main.py:811: in __getattr__
    raise AttributeError(f'{type(self).__name__!r} object has no attribute {item!r}')
E   AttributeError: 'DatabaseConfig' object has no attribute 'get_effective_url'</failure></testcase><testcase classname="tests.unit.test_config.TestNotificationConfig" name="test_default_config" time="0.000" /><testcase classname="tests.unit.test_config.TestNotificationConfig" name="test_webhook_url_validation" time="0.000" /><testcase classname="tests.unit.test_config.TestNotificationConfig" name="test_email_validation" time="0.000" /><testcase classname="tests.unit.test_config.TestNotificationConfig" name="test_notification_levels_validation" time="0.000" /><testcase classname="tests.unit.test_config.TestNotificationConfig" name="test_telegram_token_environment" time="0.001" /><testcase classname="tests.unit.test_config.TestAgentConfig" name="test_default_config" time="0.000" /><testcase classname="tests.unit.test_config.TestAgentConfig" name="test_validation_ranges" time="0.000" /><testcase classname="tests.unit.test_config.TestAgentConfig" name="test_custom_instructions_validation" time="0.000" /><testcase classname="tests.unit.test_config.TestAgentConfig" name="test_effective_custom_instructions" time="0.001" /><testcase classname="tests.unit.test_config.TestRepositoryConfig" name="test_path_validation" time="0.001" /><testcase classname="tests.unit.test_config.TestRepositoryConfig" name="test_branch_validation" time="0.001" /><testcase classname="tests.unit.test_config.TestRepositoryConfig" name="test_patterns_validation" time="0.001" /><testcase classname="tests.unit.test_config.TestMainConfig" name="test_default_config" time="0.000" /><testcase classname="tests.unit.test_config.TestMainConfig" name="test_data_dir_validation" time="0.001" /><testcase classname="tests.unit.test_config.TestMainConfig" name="test_agents_validation" time="0.000" /><testcase classname="tests.unit.test_config.TestMainConfig" name="test_environment_overrides" time="0.001" /><testcase classname="tests.unit.test_config.TestMainConfig" name="test_agent_config_management" time="0.000" /><testcase classname="tests.unit.test_config.TestMainConfig" name="test_repository_management" time="0.001" /><testcase classname="tests.unit.test_config.TestMainConfig" name="test_configuration_validation" time="0.000" /><testcase classname="tests.unit.test_config.TestConfigLoading" name="test_load_from_file_success" time="0.003"><failure message="AssertionError: assert &lt;LLMProvider.OLLAMA: 'ollama'&gt; == &lt;LLMProvider.OPENAI: 'openai'&gt;&#10;  &#10;  - openai&#10;  + ollama">tests/unit/test_config.py:486: in test_load_from_file_success
    assert config.llm.provider == LLMProvider.OPENAI
E   AssertionError: assert &lt;LLMProvider.OLLAMA: 'ollama'&gt; == &lt;LLMProvider.OPENAI: 'openai'&gt;
E     
E     - openai
E     + ollama</failure></testcase><testcase classname="tests.unit.test_config.TestConfigLoading" name="test_load_from_file_not_exists" time="0.008" /><testcase classname="tests.unit.test_config.TestConfigLoading" name="test_load_from_file_invalid_yaml" time="0.001" /><testcase classname="tests.unit.test_config.TestConfigLoading" name="test_load_from_file_validation_error" time="0.002" /><testcase classname="tests.unit.test_config.TestConfigLoading" name="test_save_to_file" time="0.007" /><testcase classname="tests.unit.test_config.TestConfigLoading" name="test_load_from_dict" time="0.001"><failure message="AssertionError: assert &lt;LLMProvider.OLLAMA: 'ollama'&gt; == &lt;LLMProvider.ANTHROPIC: 'anthropic'&gt;&#10;  &#10;  - anthropic&#10;  + ollama">tests/unit/test_config.py:557: in test_load_from_dict
    assert config.llm.provider == LLMProvider.ANTHROPIC
E   AssertionError: assert &lt;LLMProvider.OLLAMA: 'ollama'&gt; == &lt;LLMProvider.ANTHROPIC: 'anthropic'&gt;
E     
E     - anthropic
E     + ollama</failure></testcase><testcase classname="tests.unit.test_config.TestConfigLoading" name="test_load_from_dict_validation_error" time="0.000" /><testcase classname="tests.unit.test_config.TestUtilityFunctions" name="test_get_default_config" time="0.000" /><testcase classname="tests.unit.test_config.TestUtilityFunctions" name="test_load_config" time="0.007" /><testcase classname="tests.unit.test_config.TestUtilityFunctions" name="test_validate_config_file" time="0.002" /><testcase classname="tests.unit.test_config.TestUtilityFunctions" name="test_create_example_config" time="0.022" /><testcase classname="tests.unit.test_enhanced_goose_format.TestEnhancedGooseFormat" name="test_log_goose_result_enhanced_format" time="0.003" /><testcase classname="tests.unit.test_enhanced_goose_format.TestEnhancedGooseFormat" name="test_log_goose_result_minimal_data" time="0.002" /><testcase classname="tests.unit.test_enhanced_goose_format.TestEnhancedGooseFormat" name="test_log_goose_result_error_handling" time="0.003" /><testcase classname="tests.unit.test_enhanced_goose_format.TestEnhancedGooseFormat" name="test_run_goose_command_enhanced_metadata" time="0.003" /><testcase classname="tests.unit.test_enhanced_goose_format.TestEnhancedGooseFormat" name="test_format_compatibility_with_goose_export" time="0.000" /><testcase classname="tests.unit.test_enhanced_goose_format.TestEnhancedGooseFormat" name="test_markdown_export_compatibility" time="0.003" /><testcase classname="tests.unit.test_enhanced_qa_agent.TestQATestAgent" name="test_qa_agent_initialization" time="0.003" /><testcase classname="tests.unit.test_enhanced_qa_agent.TestQATestAgent" name="test_get_capabilities" time="0.003" /><testcase classname="tests.unit.test_enhanced_qa_agent.TestQATestAgent" name="test_run_tests_comprehensive" time="0.005" /><testcase classname="tests.unit.test_enhanced_qa_agent.TestQATestAgent" name="test_generate_tests_with_goose" time="0.008" /><testcase classname="tests.unit.test_enhanced_qa_agent.TestQATestAgent" name="test_create_test_generation_prompt" time="0.003" /><testcase classname="tests.unit.test_enhanced_qa_agent.TestQATestAgent" name="test_validate_generated_tests" time="0.005" /><testcase classname="tests.unit.test_enhanced_qa_agent.TestQATestAgent" name="test_extract_test_code_from_output" time="0.003" /><testcase classname="tests.unit.test_enhanced_qa_agent.TestQATestAgent" name="test_detailed_coverage_analysis" time="0.005" /><testcase classname="tests.unit.test_enhanced_qa_agent.TestQATestAgent" name="test_analyze_test_performance" time="0.003" /><testcase classname="tests.unit.test_enhanced_qa_agent.TestQATestAgent" name="test_assess_test_quality" time="0.004" /><testcase classname="tests.unit.test_enhanced_qa_agent.TestQATestAgent" name="test_generate_test_summary" time="0.003" /><testcase classname="tests.unit.test_enhanced_qa_agent.TestQATestAgent" name="test_execute_test_suite_pytest" time="0.004" /><testcase classname="tests.unit.test_enhanced_qa_agent.TestQATestAgent" name="test_run_goose_command" time="0.003" /><testcase classname="tests.unit.test_enhanced_qa_agent.TestQATestAgent" name="test_goose_command_not_found" time="0.004" /><testcase classname="tests.unit.test_enhanced_qa_agent.TestQATestAgent" name="test_execute_task_types" time="0.005" /><testcase classname="tests.unit.test_goose_integration.TestGooseIntegration" name="test_goose_capabilities_included" time="0.001"><error message="failed on setup with &quot;AttributeError: module 'src.dev_guard.agents' has no attribute 'qa_test'&quot;">tests/unit/test_goose_integration.py:47: in qa_agent
    with patch('src.dev_guard.agents.qa_test.QATestAgent._find_goose_executable', return_value="/usr/local/bin/goose"):
../../.pyenv/versions/3.11.11/lib/python3.11/unittest/mock.py:1430: in __enter__
    self.target = self.getter()
                  ^^^^^^^^^^^^^
../../.pyenv/versions/3.11.11/lib/python3.11/pkgutil.py:715: in resolve_name
    result = getattr(result, p)
             ^^^^^^^^^^^^^^^^^^
E   AttributeError: module 'src.dev_guard.agents' has no attribute 'qa_test'</error></testcase><testcase classname="tests.unit.test_goose_integration.TestGooseIntegration" name="test_goose_fix_command_success" time="0.001"><error message="failed on setup with &quot;AttributeError: module 'src.dev_guard.agents' has no attribute 'qa_test'&quot;">tests/unit/test_goose_integration.py:47: in qa_agent
    with patch('src.dev_guard.agents.qa_test.QATestAgent._find_goose_executable', return_value="/usr/local/bin/goose"):
../../.pyenv/versions/3.11.11/lib/python3.11/unittest/mock.py:1430: in __enter__
    self.target = self.getter()
                  ^^^^^^^^^^^^^
../../.pyenv/versions/3.11.11/lib/python3.11/pkgutil.py:715: in resolve_name
    result = getattr(result, p)
             ^^^^^^^^^^^^^^^^^^
E   AttributeError: module 'src.dev_guard.agents' has no attribute 'qa_test'</error></testcase><testcase classname="tests.unit.test_goose_integration.TestGooseIntegration" name="test_goose_fix_command_failure" time="0.001"><error message="failed on setup with &quot;AttributeError: module 'src.dev_guard.agents' has no attribute 'qa_test'&quot;">tests/unit/test_goose_integration.py:47: in qa_agent
    with patch('src.dev_guard.agents.qa_test.QATestAgent._find_goose_executable', return_value="/usr/local/bin/goose"):
../../.pyenv/versions/3.11.11/lib/python3.11/unittest/mock.py:1430: in __enter__
    self.target = self.getter()
                  ^^^^^^^^^^^^^
../../.pyenv/versions/3.11.11/lib/python3.11/pkgutil.py:715: in resolve_name
    result = getattr(result, p)
             ^^^^^^^^^^^^^^^^^^
E   AttributeError: module 'src.dev_guard.agents' has no attribute 'qa_test'</error></testcase><testcase classname="tests.unit.test_goose_integration.TestGooseIntegration" name="test_goose_write_tests_command_success" time="0.001"><error message="failed on setup with &quot;AttributeError: module 'src.dev_guard.agents' has no attribute 'qa_test'&quot;">tests/unit/test_goose_integration.py:47: in qa_agent
    with patch('src.dev_guard.agents.qa_test.QATestAgent._find_goose_executable', return_value="/usr/local/bin/goose"):
../../.pyenv/versions/3.11.11/lib/python3.11/unittest/mock.py:1430: in __enter__
    self.target = self.getter()
                  ^^^^^^^^^^^^^
../../.pyenv/versions/3.11.11/lib/python3.11/pkgutil.py:715: in resolve_name
    result = getattr(result, p)
             ^^^^^^^^^^^^^^^^^^
E   AttributeError: module 'src.dev_guard.agents' has no attribute 'qa_test'</error></testcase><testcase classname="tests.unit.test_goose_integration.TestGooseIntegration" name="test_goose_write_tests_no_target_file" time="0.001"><error message="failed on setup with &quot;AttributeError: module 'src.dev_guard.agents' has no attribute 'qa_test'&quot;">tests/unit/test_goose_integration.py:47: in qa_agent
    with patch('src.dev_guard.agents.qa_test.QATestAgent._find_goose_executable', return_value="/usr/local/bin/goose"):
../../.pyenv/versions/3.11.11/lib/python3.11/unittest/mock.py:1430: in __enter__
    self.target = self.getter()
                  ^^^^^^^^^^^^^
../../.pyenv/versions/3.11.11/lib/python3.11/pkgutil.py:715: in resolve_name
    result = getattr(result, p)
             ^^^^^^^^^^^^^^^^^^
E   AttributeError: module 'src.dev_guard.agents' has no attribute 'qa_test'</error></testcase><testcase classname="tests.unit.test_goose_integration.TestGooseIntegration" name="test_automated_qa_pipeline_comprehensive" time="0.001"><error message="failed on setup with &quot;AttributeError: module 'src.dev_guard.agents' has no attribute 'qa_test'&quot;">tests/unit/test_goose_integration.py:47: in qa_agent
    with patch('src.dev_guard.agents.qa_test.QATestAgent._find_goose_executable', return_value="/usr/local/bin/goose"):
../../.pyenv/versions/3.11.11/lib/python3.11/unittest/mock.py:1430: in __enter__
    self.target = self.getter()
                  ^^^^^^^^^^^^^
../../.pyenv/versions/3.11.11/lib/python3.11/pkgutil.py:715: in resolve_name
    result = getattr(result, p)
             ^^^^^^^^^^^^^^^^^^
E   AttributeError: module 'src.dev_guard.agents' has no attribute 'qa_test'</error></testcase><testcase classname="tests.unit.test_goose_integration.TestGooseIntegration" name="test_automated_qa_pipeline_no_files" time="0.001"><error message="failed on setup with &quot;AttributeError: module 'src.dev_guard.agents' has no attribute 'qa_test'&quot;">tests/unit/test_goose_integration.py:47: in qa_agent
    with patch('src.dev_guard.agents.qa_test.QATestAgent._find_goose_executable', return_value="/usr/local/bin/goose"):
../../.pyenv/versions/3.11.11/lib/python3.11/unittest/mock.py:1430: in __enter__
    self.target = self.getter()
                  ^^^^^^^^^^^^^
../../.pyenv/versions/3.11.11/lib/python3.11/pkgutil.py:715: in resolve_name
    result = getattr(result, p)
             ^^^^^^^^^^^^^^^^^^
E   AttributeError: module 'src.dev_guard.agents' has no attribute 'qa_test'</error></testcase><testcase classname="tests.unit.test_goose_integration.TestGooseIntegration" name="test_extract_code_changes_from_output" time="0.001"><error message="failed on setup with &quot;AttributeError: module 'src.dev_guard.agents' has no attribute 'qa_test'&quot;">tests/unit/test_goose_integration.py:47: in qa_agent
    with patch('src.dev_guard.agents.qa_test.QATestAgent._find_goose_executable', return_value="/usr/local/bin/goose"):
../../.pyenv/versions/3.11.11/lib/python3.11/unittest/mock.py:1430: in __enter__
    self.target = self.getter()
                  ^^^^^^^^^^^^^
../../.pyenv/versions/3.11.11/lib/python3.11/pkgutil.py:715: in resolve_name
    result = getattr(result, p)
             ^^^^^^^^^^^^^^^^^^
E   AttributeError: module 'src.dev_guard.agents' has no attribute 'qa_test'</error></testcase><testcase classname="tests.unit.test_goose_integration.TestGooseIntegration" name="test_create_goose_test_prompt" time="0.002"><error message="failed on setup with &quot;AttributeError: module 'src.dev_guard.agents' has no attribute 'qa_test'&quot;">tests/unit/test_goose_integration.py:47: in qa_agent
    with patch('src.dev_guard.agents.qa_test.QATestAgent._find_goose_executable', return_value="/usr/local/bin/goose"):
../../.pyenv/versions/3.11.11/lib/python3.11/unittest/mock.py:1430: in __enter__
    self.target = self.getter()
                  ^^^^^^^^^^^^^
../../.pyenv/versions/3.11.11/lib/python3.11/pkgutil.py:715: in resolve_name
    result = getattr(result, p)
             ^^^^^^^^^^^^^^^^^^
E   AttributeError: module 'src.dev_guard.agents' has no attribute 'qa_test'</error></testcase><testcase classname="tests.unit.test_goose_integration.TestGooseIntegration" name="test_find_test_file_for_target" time="0.001"><error message="failed on setup with &quot;AttributeError: module 'src.dev_guard.agents' has no attribute 'qa_test'&quot;">tests/unit/test_goose_integration.py:47: in qa_agent
    with patch('src.dev_guard.agents.qa_test.QATestAgent._find_goose_executable', return_value="/usr/local/bin/goose"):
../../.pyenv/versions/3.11.11/lib/python3.11/unittest/mock.py:1430: in __enter__
    self.target = self.getter()
                  ^^^^^^^^^^^^^
../../.pyenv/versions/3.11.11/lib/python3.11/pkgutil.py:715: in resolve_name
    result = getattr(result, p)
             ^^^^^^^^^^^^^^^^^^
E   AttributeError: module 'src.dev_guard.agents' has no attribute 'qa_test'</error></testcase><testcase classname="tests.unit.test_goose_integration.TestGooseIntegration" name="test_determine_test_file_path" time="0.001"><error message="failed on setup with &quot;AttributeError: module 'src.dev_guard.agents' has no attribute 'qa_test'&quot;">tests/unit/test_goose_integration.py:47: in qa_agent
    with patch('src.dev_guard.agents.qa_test.QATestAgent._find_goose_executable', return_value="/usr/local/bin/goose"):
../../.pyenv/versions/3.11.11/lib/python3.11/unittest/mock.py:1430: in __enter__
    self.target = self.getter()
                  ^^^^^^^^^^^^^
../../.pyenv/versions/3.11.11/lib/python3.11/pkgutil.py:715: in resolve_name
    result = getattr(result, p)
             ^^^^^^^^^^^^^^^^^^
E   AttributeError: module 'src.dev_guard.agents' has no attribute 'qa_test'</error></testcase><testcase classname="tests.unit.test_goose_integration.TestGooseIntegration" name="test_generate_qa_pipeline_recommendations" time="0.001"><error message="failed on setup with &quot;AttributeError: module 'src.dev_guard.agents' has no attribute 'qa_test'&quot;">tests/unit/test_goose_integration.py:47: in qa_agent
    with patch('src.dev_guard.agents.qa_test.QATestAgent._find_goose_executable', return_value="/usr/local/bin/goose"):
../../.pyenv/versions/3.11.11/lib/python3.11/unittest/mock.py:1430: in __enter__
    self.target = self.getter()
                  ^^^^^^^^^^^^^
../../.pyenv/versions/3.11.11/lib/python3.11/pkgutil.py:715: in resolve_name
    result = getattr(result, p)
             ^^^^^^^^^^^^^^^^^^
E   AttributeError: module 'src.dev_guard.agents' has no attribute 'qa_test'</error></testcase><testcase classname="tests.unit.test_goose_integration.TestGooseIntegration" name="test_task_routing_goose_commands" time="0.001"><error message="failed on setup with &quot;AttributeError: module 'src.dev_guard.agents' has no attribute 'qa_test'&quot;">tests/unit/test_goose_integration.py:47: in qa_agent
    with patch('src.dev_guard.agents.qa_test.QATestAgent._find_goose_executable', return_value="/usr/local/bin/goose"):
../../.pyenv/versions/3.11.11/lib/python3.11/unittest/mock.py:1430: in __enter__
    self.target = self.getter()
                  ^^^^^^^^^^^^^
../../.pyenv/versions/3.11.11/lib/python3.11/pkgutil.py:715: in resolve_name
    result = getattr(result, p)
             ^^^^^^^^^^^^^^^^^^
E   AttributeError: module 'src.dev_guard.agents' has no attribute 'qa_test'</error></testcase><testcase classname="tests.unit.test_goose_patch_memory.TestGoosePatchMemory" name="test_enhanced_memory_entry_with_goose_fields" time="0.001" /><testcase classname="tests.unit.test_goose_patch_memory.TestGoosePatchMemory" name="test_memory_entry_optional_goose_fields" time="0.000" /><testcase classname="tests.unit.test_goose_patch_memory.TestGoosePatchMemory" name="test_add_memory_with_goose_fields" time="0.009" /><testcase classname="tests.unit.test_goose_patch_memory.TestGoosePatchMemory" name="test_log_goose_patch_memory_helper" time="0.007" /><testcase classname="tests.unit.test_goose_patch_memory.TestGoosePatchMemory" name="test_log_ast_analysis_memory_helper" time="0.007" /><testcase classname="tests.unit.test_goose_patch_memory.TestGoosePatchMemory" name="test_get_goose_patches_for_file" time="0.007" /><testcase classname="tests.unit.test_goose_patch_memory.TestGoosePatchMemory" name="test_get_ast_summaries_by_strategy" time="0.008" /><testcase classname="tests.unit.test_goose_patch_memory.TestGoosePatchMemory" name="test_goose_field_validation" time="0.001" /><testcase classname="tests.unit.test_goose_patch_memory.TestGoosePatchMemory" name="test_memory_search_with_goose_tags" time="0.007" /><testcase classname="tests.unit.test_goose_patch_memory.TestGoosePatchMemory" name="test_database_schema_migration" time="0.006" /><testcase classname="tests.unit.test_goose_patch_memory.TestGoosePatchMemory" name="test_linking_memory_to_files_and_strategies" time="0.007" /><testcase classname="tests.unit.test_goose_patch_memory.TestGoosePatchMemory" name="test_auditability_and_traceability" time="0.008" /><testcase classname="tests.unit.test_planner_agent.TestPlannerAgent" name="test_planner_initialization" time="0.004" /><testcase classname="tests.unit.test_planner_agent.TestPlannerAgent" name="test_analyze_and_plan_with_llm" time="0.005" /><testcase classname="tests.unit.test_planner_agent.TestPlannerAgent" name="test_analyze_and_plan_fallback_to_heuristic" time="0.005" /><testcase classname="tests.unit.test_planner_agent.TestPlannerAgent" name="test_heuristic_planning_code_task" time="0.005" /><testcase classname="tests.unit.test_planner_agent.TestPlannerAgent" name="test_heuristic_planning_documentation_task" time="0.004" /><testcase classname="tests.unit.test_planner_agent.TestPlannerAgent" name="test_route_task_basic" time="0.004" /><testcase classname="tests.unit.test_planner_agent.TestPlannerAgent" name="test_route_task_with_busy_agent" time="0.005" /><testcase classname="tests.unit.test_planner_agent.TestPlannerAgent" name="test_monitor_progress_with_active_tasks" time="0.004" /><testcase classname="tests.unit.test_planner_agent.TestPlannerAgent" name="test_monitor_progress_no_active_tasks" time="0.004" /><testcase classname="tests.unit.test_planner_agent.TestPlannerAgent" name="test_coordinate_agents_sequential" time="0.005" /><testcase classname="tests.unit.test_planner_agent.TestPlannerAgent" name="test_coordinate_agents_parallel" time="0.004" /><testcase classname="tests.unit.test_planner_agent.TestPlannerAgent" name="test_generic_planning" time="0.004" /><testcase classname="tests.unit.test_planner_agent.TestPlannerAgent" name="test_determine_target_agent[implement a new function-code_agent]" time="0.004" /><testcase classname="tests.unit.test_planner_agent.TestPlannerAgent" name="test_determine_target_agent[fix the authentication bug-code_agent]" time="0.004" /><testcase classname="tests.unit.test_planner_agent.TestPlannerAgent" name="test_determine_target_agent[coordinate the deployment process-commander]" time="0.004" /><testcase classname="tests.unit.test_planner_agent.TestPlannerAgent" name="test_determine_target_agent[manage the testing workflow-commander]" time="0.004" /><testcase classname="tests.unit.test_planner_agent.TestPlannerAgent" name="test_determine_target_agent[debug the payment system-code_agent]" time="0.004" /><testcase classname="tests.unit.test_planner_agent.TestPlannerAgent" name="test_create_subtasks" time="0.005" /><testcase classname="tests.unit.test_planner_agent.TestPlannerAgent" name="test_execute_task_analyze_and_plan" time="0.004" /><testcase classname="tests.unit.test_planner_agent.TestPlannerAgent" name="test_execute_task_route_task" time="0.004" /><testcase classname="tests.unit.test_planner_agent.TestPlannerAgent" name="test_execute_task_error_handling" time="0.004" /><testcase classname="tests.unit.test_planner_agent.TestPlannerAgent" name="test_get_capabilities" time="0.004" /><testcase classname="tests.unit.test_planner_agent.TestPlannerAgent" name="test_get_status" time="0.004" /><testcase classname="tests.unit.test_planner_agent.TestPlannerAgent" name="test_format_relevant_docs" time="0.005" /><testcase classname="tests.unit.test_planner_agent.TestPlannerAgent" name="test_format_relevant_docs_empty" time="0.004" /><testcase classname="tests.unit.test_planner_agent.TestPlannerAgent" name="test_llm_analyze_task_json_parsing" time="0.005" /><testcase classname="tests.unit.test_planner_agent.TestPlannerAgent" name="test_llm_analyze_task_fallback_on_error" time="0.005" /><testcase classname="tests.unit.test_sample.TestTestingInfrastructure" name="test_fixtures_available" time="0.035"><error message="failed on setup with &quot;ValueError: Absolute path '/var/folders/vt/1rf2jg2x4fs5b7vl_7k0vmw00000gn/T/tmpkes4g71m/test_repo/README.md' is not in git repository at '/private/var/folders/vt/1rf2jg2x4fs5b7vl_7k0vmw00000gn/T/tmpkes4g71m/test_repo'&quot;">.venv/lib/python3.11/site-packages/pytest_asyncio/plugin.py:683: in pytest_fixture_setup
    return (yield)
            ^^^^^
tests/conftest.py:175: in mock_git_repo
    repo.index.add([str(f) for f in repo_path.rglob("*") if f.is_file()])
.venv/lib/python3.11/site-packages/git/index/base.py:890: in add
    paths, entries = self._preprocess_add_items(items)
                     ^^^^^^^^^^^^^^^^^^^^^^^^^^^^^^^^^
.venv/lib/python3.11/site-packages/git/index/base.py:678: in _preprocess_add_items
    paths.append(self._to_relative_path(item))
                 ^^^^^^^^^^^^^^^^^^^^^^^^^^^^
.venv/lib/python3.11/site-packages/git/index/base.py:660: in _to_relative_path
    raise ValueError("Absolute path %r is not in git repository at %r" % (path, self.repo.working_tree_dir))
E   ValueError: Absolute path '/var/folders/vt/1rf2jg2x4fs5b7vl_7k0vmw00000gn/T/tmpkes4g71m/test_repo/README.md' is not in git repository at '/private/var/folders/vt/1rf2jg2x4fs5b7vl_7k0vmw00000gn/T/tmpkes4g71m/test_repo'</error></testcase><testcase classname="tests.unit.test_sample.TestTestingInfrastructure" name="test_memory_entry_factory" time="0.003" /><testcase classname="tests.unit.test_sample.TestTestingInfrastructure" name="test_task_status_factory" time="0.001" /><testcase classname="tests.unit.test_sample.TestTestingInfrastructure" name="test_agent_state_factory" time="0.001"><failure message="AttributeError: 'Generator' object has no attribute 'semantic_version'">tests/unit/test_sample.py:75: in test_agent_state_factory
    state = AgentStateFactory()
            ^^^^^^^^^^^^^^^^^^^
.venv/lib/python3.11/site-packages/factory/base.py:43: in __call__
    return cls.create(**kwargs)
           ^^^^^^^^^^^^^^^^^^^^
.venv/lib/python3.11/site-packages/factory/base.py:539: in create
    return cls._generate(enums.CREATE_STRATEGY, kwargs)
           ^^^^^^^^^^^^^^^^^^^^^^^^^^^^^^^^^^^^^^^^^^^^
.venv/lib/python3.11/site-packages/factory/base.py:468: in _generate
    return step.build()
           ^^^^^^^^^^^^
.venv/lib/python3.11/site-packages/factory/builder.py:270: in build
    step.resolve(pre)
.venv/lib/python3.11/site-packages/factory/builder.py:211: in resolve
    self.attributes[field_name] = getattr(self.stub, field_name)
                                  ^^^^^^^^^^^^^^^^^^^^^^^^^^^^^^
.venv/lib/python3.11/site-packages/factory/builder.py:356: in __getattr__
    value = value.evaluate_pre(
.venv/lib/python3.11/site-packages/factory/declarations.py:67: in evaluate_pre
    return self.evaluate(instance, step, context)
           ^^^^^^^^^^^^^^^^^^^^^^^^^^^^^^^^^^^^^^
.venv/lib/python3.11/site-packages/factory/declarations.py:119: in evaluate
    return self.function(instance)
           ^^^^^^^^^^^^^^^^^^^^^^^
tests/conftest.py:99: in &lt;lambda&gt;
    metadata = LazyAttribute(lambda obj: {'version': fake.semantic_version(), 'uptime': fake.random_int(0, 86400)})
                                                     ^^^^^^^^^^^^^^^^^^^^^
.venv/lib/python3.11/site-packages/faker/proxy.py:130: in __getattr__
    return getattr(self._factories[0], attr)
           ^^^^^^^^^^^^^^^^^^^^^^^^^^^^^^^^^
E   AttributeError: 'Generator' object has no attribute 'semantic_version'</failure></testcase><testcase classname="tests.unit.test_sample.TestTestingInfrastructure" name="test_mock_shared_memory" time="0.002" /><testcase classname="tests.unit.test_sample.TestTestingInfrastructure" name="test_mock_vector_db" time="0.003" /><testcase classname="tests.unit.test_sample.TestTestingInfrastructure" name="test_mock_llm_client" time="0.002" /><testcase classname="tests.unit.test_sample.TestUtilityHelpers" name="test_generate_random_string" time="0.000" /><testcase classname="tests.unit.test_sample.TestUtilityHelpers" name="test_generate_test_code" time="0.000" /><testcase classname="tests.unit.test_sample.TestUtilityHelpers" name="test_timer_context_manager" time="0.102" /><testcase classname="tests.unit.test_sample.TestUtilityHelpers" name="test_mock_llm_provider" time="0.001" /><testcase classname="tests.unit.test_sample.TestAssertionHelpers" name="test_memory_entry_assertions" time="0.000" /><testcase classname="tests.unit.test_sample.TestAssertionHelpers" name="test_llm_response_assertions" time="0.000" /><testcase classname="tests.unit.test_sample.TestPerformanceInfrastructure" name="test_benchmark_data_fixture" time="1.052" /><testcase classname="tests.unit.test_sample.TestPerformanceInfrastructure" name="test_performance_measurement" time="0.000"><error message="failed on setup with &quot;file /Users/bretbouchard/apps/dev_guard/tests/unit/test_sample.py, line 271&#10;      @pytest.mark.benchmark&#10;      def test_performance_measurement(self, benchmark):&#10;E       fixture 'benchmark' not found&#10;&gt;       available fixtures: _class_scoped_runner, _function_scoped_runner, _module_scoped_runner, _package_scoped_runner, _session_faker, _session_scoped_runner, agent_count, anyio_backend, anyio_backend_name, anyio_backend_options, benchmark_data, cache, capfd, capfdbinary, caplog, capsys, capsysbinary, capteesys, cleanup_test_environment, cov, database_backend, doctest_namespace, event_loop_policy, faker, free_tcp_port, free_tcp_port_factory, free_udp_port, free_udp_port_factory, llm_provider_type, mock_base_agent, mock_file_system, mock_git_repo, mock_llm_client, mock_llm_responses, mock_multi_repos, mock_shared_memory, mock_vector_db, monkeypatch, no_cover, pytestconfig, record_property, record_testsuite_property, record_xml_attribute, recwarn, sample_code_files, security_test_cases, temp_dir, test_config, tmp_path, tmp_path_factory, tmpdir, tmpdir_factory, unused_tcp_port, unused_tcp_port_factory, unused_udp_port, unused_udp_port_factory&#10;&gt;       use 'pytest --fixtures [testpath]' for help on them.&#10;&#10;/Users/bretbouchard/apps/dev_guard/tests/unit/test_sample.py:271&quot;">file /Users/bretbouchard/apps/dev_guard/tests/unit/test_sample.py, line 271
      @pytest.mark.benchmark
      def test_performance_measurement(self, benchmark):
E       fixture 'benchmark' not found
&gt;       available fixtures: _class_scoped_runner, _function_scoped_runner, _module_scoped_runner, _package_scoped_runner, _session_faker, _session_scoped_runner, agent_count, anyio_backend, anyio_backend_name, anyio_backend_options, benchmark_data, cache, capfd, capfdbinary, caplog, capsys, capsysbinary, capteesys, cleanup_test_environment, cov, database_backend, doctest_namespace, event_loop_policy, faker, free_tcp_port, free_tcp_port_factory, free_udp_port, free_udp_port_factory, llm_provider_type, mock_base_agent, mock_file_system, mock_git_repo, mock_llm_client, mock_llm_responses, mock_multi_repos, mock_shared_memory, mock_vector_db, monkeypatch, no_cover, pytestconfig, record_property, record_testsuite_property, record_xml_attribute, recwarn, sample_code_files, security_test_cases, temp_dir, test_config, tmp_path, tmp_path_factory, tmpdir, tmpdir_factory, unused_tcp_port, unused_tcp_port_factory, unused_udp_port, unused_udp_port_factory
&gt;       use 'pytest --fixtures [testpath]' for help on them.

/Users/bretbouchard/apps/dev_guard/tests/unit/test_sample.py:271</error></testcase><testcase classname="tests.unit.test_sample.TestIntegrationInfrastructure" name="test_multi_repo_fixture" time="0.032"><error message="failed on setup with &quot;ValueError: Absolute path '/var/folders/vt/1rf2jg2x4fs5b7vl_7k0vmw00000gn/T/tmph7750898/frontend/package.json' is not in git repository at '/private/var/folders/vt/1rf2jg2x4fs5b7vl_7k0vmw00000gn/T/tmph7750898/frontend'&quot;">.venv/lib/python3.11/site-packages/pytest_asyncio/plugin.py:683: in pytest_fixture_setup
    return (yield)
            ^^^^^
tests/conftest.py:213: in mock_multi_repos
    repo.index.add([str(f) for f in repo_path.rglob("*") if f.is_file()])
.venv/lib/python3.11/site-packages/git/index/base.py:890: in add
    paths, entries = self._preprocess_add_items(items)
                     ^^^^^^^^^^^^^^^^^^^^^^^^^^^^^^^^^
.venv/lib/python3.11/site-packages/git/index/base.py:678: in _preprocess_add_items
    paths.append(self._to_relative_path(item))
                 ^^^^^^^^^^^^^^^^^^^^^^^^^^^^
.venv/lib/python3.11/site-packages/git/index/base.py:660: in _to_relative_path
    raise ValueError("Absolute path %r is not in git repository at %r" % (path, self.repo.working_tree_dir))
E   ValueError: Absolute path '/var/folders/vt/1rf2jg2x4fs5b7vl_7k0vmw00000gn/T/tmph7750898/frontend/package.json' is not in git repository at '/private/var/folders/vt/1rf2jg2x4fs5b7vl_7k0vmw00000gn/T/tmph7750898/frontend'</error></testcase><testcase classname="tests.unit.test_sample.TestIntegrationInfrastructure" name="test_file_system_fixture" time="0.005" /><testcase classname="tests.unit.test_sample.TestSecurityInfrastructure" name="test_security_test_cases" time="0.000" /><testcase classname="tests.unit.test_shared_memory.TestMemoryEntry" name="test_valid_memory_entry" time="0.001" /><testcase classname="tests.unit.test_shared_memory.TestMemoryEntry" name="test_invalid_agent_id" time="0.000" /><testcase classname="tests.unit.test_shared_memory.TestMemoryEntry" name="test_invalid_type" time="0.000" /><testcase classname="tests.unit.test_shared_memory.TestMemoryEntry" name="test_invalid_content" time="0.001" /><testcase classname="tests.unit.test_shared_memory.TestMemoryEntry" name="test_invalid_parent_id" time="0.000"><failure message="Failed: DID NOT RAISE &lt;class 'ValueError'&gt;">tests/unit/test_shared_memory.py:88: in test_invalid_parent_id
    with pytest.raises(ValueError):
E   Failed: DID NOT RAISE &lt;class 'ValueError'&gt;</failure></testcase><testcase classname="tests.unit.test_shared_memory.TestMemoryEntry" name="test_tags_validation" time="0.000" /><testcase classname="tests.unit.test_shared_memory.TestTaskStatus" name="test_valid_task_status" time="0.000" /><testcase classname="tests.unit.test_shared_memory.TestTaskStatus" name="test_invalid_status" time="0.000" /><testcase classname="tests.unit.test_shared_memory.TestTaskStatus" name="test_invalid_description" time="0.000" /><testcase classname="tests.unit.test_shared_memory.TestTaskStatus" name="test_invalid_dependencies" time="0.000" /><testcase classname="tests.unit.test_shared_memory.TestTaskStatus" name="test_updated_at_validation" time="0.000" /><testcase classname="tests.unit.test_shared_memory.TestAgentState" name="test_valid_agent_state" time="0.000" /><testcase classname="tests.unit.test_shared_memory.TestAgentState" name="test_invalid_status" time="0.000" /><testcase classname="tests.unit.test_shared_memory.TestAgentState" name="test_invalid_current_task" time="0.000"><failure message="Failed: DID NOT RAISE &lt;class 'ValueError'&gt;">tests/unit/test_shared_memory.py:211: in test_invalid_current_task
    with pytest.raises(ValueError):
E   Failed: DID NOT RAISE &lt;class 'ValueError'&gt;</failure></testcase><testcase classname="tests.unit.test_shared_memory.TestAgentState" name="test_future_heartbeat" time="0.000" /><testcase classname="tests.unit.test_shared_memory.TestSharedMemory" name="test_database_initialization" time="0.007" /><testcase classname="tests.unit.test_shared_memory.TestSharedMemory" name="test_add_memory_entry" time="0.007" /><testcase classname="tests.unit.test_shared_memory.TestSharedMemory" name="test_add_memory_with_invalid_parent" time="0.006" /><testcase classname="tests.unit.test_shared_memory.TestSharedMemory" name="test_add_memory_with_valid_parent" time="0.007" /><testcase classname="tests.unit.test_shared_memory.TestSharedMemory" name="test_get_memories_by_agent" time="0.007" /><testcase classname="tests.unit.test_shared_memory.TestSharedMemory" name="test_get_memories_by_type" time="0.009" /><testcase classname="tests.unit.test_shared_memory.TestSharedMemory" name="test_update_memory_entry" time="0.007" /><testcase classname="tests.unit.test_shared_memory.TestSharedMemory" name="test_update_nonexistent_memory" time="0.006" /><testcase classname="tests.unit.test_shared_memory.TestSharedMemory" name="test_delete_memory_entry" time="0.007" /><testcase classname="tests.unit.test_shared_memory.TestSharedMemory" name="test_delete_nonexistent_memory" time="0.006" /><testcase classname="tests.unit.test_shared_memory.TestSharedMemory" name="test_create_task" time="0.006" /><testcase classname="tests.unit.test_shared_memory.TestSharedMemory" name="test_create_task_with_dependencies" time="0.007" /><testcase classname="tests.unit.test_shared_memory.TestSharedMemory" name="test_create_task_with_invalid_dependencies" time="0.006" /><testcase classname="tests.unit.test_shared_memory.TestSharedMemory" name="test_update_task" time="0.006" /><testcase classname="tests.unit.test_shared_memory.TestSharedMemory" name="test_update_nonexistent_task" time="0.005" /><testcase classname="tests.unit.test_shared_memory.TestSharedMemory" name="test_delete_task" time="0.007" /><testcase classname="tests.unit.test_shared_memory.TestSharedMemory" name="test_get_tasks_by_agent" time="0.007" /><testcase classname="tests.unit.test_shared_memory.TestSharedMemory" name="test_get_tasks_by_status" time="0.008" /><testcase classname="tests.unit.test_shared_memory.TestSharedMemory" name="test_update_agent_state" time="0.006" /><testcase classname="tests.unit.test_shared_memory.TestSharedMemory" name="test_update_agent_state_with_current_task" time="0.006" /><testcase classname="tests.unit.test_shared_memory.TestSharedMemory" name="test_update_agent_state_with_invalid_task" time="0.005" /><testcase classname="tests.unit.test_shared_memory.TestSharedMemory" name="test_delete_agent_state" time="0.006" /><testcase classname="tests.unit.test_shared_memory.TestSharedMemory" name="test_get_all_agent_states" time="0.007" /><testcase classname="tests.unit.test_shared_memory.TestSharedMemory" name="test_conversation_thread" time="0.007" /><testcase classname="tests.unit.test_shared_memory.TestSharedMemory" name="test_search_memories" time="0.007" /><testcase classname="tests.unit.test_shared_memory.TestSharedMemory" name="test_cleanup_old_entries" time="0.009" /><testcase classname="tests.unit.test_shared_memory.TestSharedMemory" name="test_get_statistics" time="0.008" /><testcase classname="tests.unit.test_shared_memory.TestSharedMemory" name="test_database_error_handling" time="0.006" /><testcase classname="tests.unit.test_shared_memory.TestSharedMemory" name="test_concurrent_access" time="0.015" /><testcase classname="tests.unit.test_shared_memory.TestEdgeCases" name="test_invalid_database_path" time="0.000" /><testcase classname="tests.unit.test_shared_memory.TestEdgeCases" name="test_memory_entry_with_circular_reference" time="0.007" /><testcase classname="tests.unit.test_shared_memory.TestEdgeCases" name="test_large_content_handling" time="0.007" /><testcase classname="tests.unit.test_shared_memory.TestEdgeCases" name="test_unicode_content_handling" time="0.006" /><testcase classname="tests.unit.test_shared_memory.TestAuditTrailFunctionality" name="test_get_audit_trail" time="0.009" /><testcase classname="tests.unit.test_shared_memory.TestAuditTrailFunctionality" name="test_replay_actions" time="0.009" /><testcase classname="tests.unit.test_shared_memory.TestAuditTrailFunctionality" name="test_archive_old_entries" time="0.010" /><testcase classname="tests.unit.test_shared_memory.TestAuditTrailFunctionality" name="test_get_memory_by_tags" time="0.008" /><testcase classname="tests.unit.test_tdd_support.TestTDDSupport" name="test_tdd_capabilities_added" time="0.003" /><testcase classname="tests.unit.test_tdd_support.TestTDDSupport" name="test_tdd_initialization" time="0.003" /><testcase classname="tests.unit.test_tdd_support.TestTDDSupport" name="test_pytest_template_generation" time="0.003" /><testcase classname="tests.unit.test_tdd_support.TestTDDSupport" name="test_unittest_template_generation" time="0.003" /><testcase classname="tests.unit.test_tdd_support.TestTDDSupport" name="test_bdd_template_generation" time="0.002" /><testcase classname="tests.unit.test_tdd_support.TestTDDSupport" name="test_tdd_cycle_execution" time="0.007" /><testcase classname="tests.unit.test_tdd_support.TestTDDSupport" name="test_tdd_red_phase" time="0.005"><failure message="TypeError: unsupported operand type(s) for /: 'str' and 'str'">tests/unit/test_tdd_support.py:196: in test_tdd_red_phase
    "test_file": str(temp_dir / "test_calculator.py")
                     ^^^^^^^^^^^^^^^^^^^^^^^^^^^^^^^
E   TypeError: unsupported operand type(s) for /: 'str' and 'str'</failure></testcase><testcase classname="tests.unit.test_tdd_support.TestTDDSupport" name="test_tdd_green_phase" time="0.005" /><testcase classname="tests.unit.test_tdd_support.TestTDDSupport" name="test_tdd_refactor_phase" time="0.005" /><testcase classname="tests.unit.test_tdd_support.TestTDDSupport" name="test_minimal_implementation_generation" time="0.004" /><testcase classname="tests.unit.test_tdd_support.TestTDDSupport" name="test_bdd_test_generation" time="0.004" /><testcase classname="tests.unit.test_tdd_support.TestTDDSupport" name="test_feature_file_creation" time="0.003" /><testcase classname="tests.unit.test_tdd_support.TestTDDSupport" name="test_step_definitions_creation" time="0.003" /><testcase classname="tests.unit.test_tdd_support.TestTDDSupport" name="test_tdd_task_routing" time="0.008" /><testcase classname="tests.unit.test_vector_db.TestDocument" name="test_document_creation_valid" time="0.000" /><testcase classname="tests.unit.test_vector_db.TestDocument" name="test_document_content_validation" time="0.001" /><testcase classname="tests.unit.test_vector_db.TestDocument" name="test_document_source_validation" time="0.000" /><testcase classname="tests.unit.test_vector_db.TestDocument" name="test_document_metadata_validation" time="0.000" /><testcase classname="tests.unit.test_vector_db.TestDocument" name="test_document_content_hash" time="0.000" /><testcase classname="tests.unit.test_vector_db.TestTextChunker" name="test_chunker_initialization" time="0.000" /><testcase classname="tests.unit.test_vector_db.TestTextChunker" name="test_chunker_initialization_invalid" time="0.000" /><testcase classname="tests.unit.test_vector_db.TestTextChunker" name="test_chunk_text_small" time="0.000" /><testcase classname="tests.unit.test_vector_db.TestTextChunker" name="test_chunk_text_large" time="0.000" /><testcase classname="tests.unit.test_vector_db.TestTextChunker" name="test_chunk_text_empty" time="0.000" /><testcase classname="tests.unit.test_vector_db.TestTextChunker" name="test_chunk_text_with_metadata" time="0.000" /><testcase classname="tests.unit.test_vector_db.TestTextChunker" name="test_chunk_python_code" time="0.001" /><testcase classname="tests.unit.test_vector_db.TestTextChunker" name="test_chunk_javascript_code" time="0.000" /><testcase classname="tests.unit.test_vector_db.TestTextChunker" name="test_chunk_code_fallback" time="0.000" /><testcase classname="tests.unit.test_vector_db.TestFileProcessor" name="test_initialization" time="0.000" /><testcase classname="tests.unit.test_vector_db.TestFileProcessor" name="test_should_process_file" time="0.004" /><testcase classname="tests.unit.test_vector_db.TestFileProcessor" name="test_read_file_content" time="0.001" /><testcase classname="tests.unit.test_vector_db.TestFileProcessor" name="test_get_file_hash" time="0.001" /><testcase classname="tests.unit.test_vector_db.TestFileProcessor" name="test_extract_file_metadata" time="0.002" /><testcase classname="tests.unit.test_vector_db.TestVectorDatabase" name="test_initialization" time="0.003" /><testcase classname="tests.unit.test_vector_db.TestVectorDatabase" name="test_initialization_error" time="0.012"><failure message="Failed: DID NOT RAISE &lt;class 'src.dev_guard.memory.vector_db.VectorDatabaseError'&gt;">tests/unit/test_vector_db.py:408: in test_initialization_error
    with pytest.raises(VectorDatabaseError, match="Failed to initialize ChromaDB client"):
E   Failed: DID NOT RAISE &lt;class 'src.dev_guard.memory.vector_db.VectorDatabaseError'&gt;</failure></testcase><testcase classname="tests.unit.test_vector_db.TestVectorDatabase" name="test_add_document" time="0.004"><failure message="AssertionError: Expected 'add' to have been called once. Called 0 times.">tests/unit/test_vector_db.py:421: in test_add_document
    mock_collection.add.assert_called_once()
../../.pyenv/versions/3.11.11/lib/python3.11/unittest/mock.py:918: in assert_called_once
    raise AssertionError(msg)
E   AssertionError: Expected 'add' to have been called once. Called 0 times.</failure></testcase></testsuite></testsuites>